Component: ARM Compiler 5.06 update 5 (build 528) Tool: armlink [4d35e2]

==============================================================================

Section Cross References

    main.o(i.main) refers to oled.o(i.OLED_Init) for OLED_Init
    main.o(i.main) refers to motor.o(i.Motor_Init) for Motor_Init
    main.o(i.main) refers to bluetooth.o(i.Bluetooth_Init) for Bluetooth_Init
    main.o(i.main) refers to nf-04.o(i.NF04_Init) for NF04_Init
    main.o(i.main) refers to asppro.o(i.ASPPRO_Init) for ASPPRO_Init
    main.o(i.main) refers to ultrasonicsensor.o(i.UltrasonicSensor_Init) for UltrasonicSensor_Init
    main.o(i.main) refers to infraredsensor.o(i.InfraredSensor_Init) for InfraredSensor_Init
    main.o(i.main) refers to servo.o(i.Servo_Init) for Servo_Init
    main.o(i.main) refers to motor.o(i.Motor_SetSpeedMotor1) for Motor_SetSpeedMotor1
    main.o(i.main) refers to motor.o(i.Motor_SetSpeedMotor2) for Motor_SetSpeedMotor2
    main.o(i.main) refers to servo.o(i.Servo_Angle) for Servo_Angle
    main.o(i.main) refers to ultrasonicsensor.o(i.UltrasonicSensor_GetDistance) for UltrasonicSensor_GetDistance
    main.o(i.main) refers to dflt_clz.o(x$fpl$dfltu) for __aeabi_ui2d
    main.o(i.main) refers to dmul.o(x$fpl$dmul) for __aeabi_dmul
    main.o(i.main) refers to ddiv.o(x$fpl$ddiv) for __aeabi_ddiv
    main.o(i.main) refers to dfixu.o(x$fpl$dfixu) for __aeabi_d2uiz
    main.o(i.main) refers to delay.o(i.Delay_s) for Delay_s
    main.o(i.main) refers to infraredsensor.o(i.InfraredSensor_GetCounter1) for InfraredSensor_GetCounter1
    main.o(i.main) refers to oled.o(i.OLED_ShowNum) for OLED_ShowNum
    main.o(i.main) refers to infraredsensor.o(i.InfraredSensor_GetCounter2) for InfraredSensor_GetCounter2
    main.o(i.main) refers to asppro.o(.data) for statu
    startup_stm32f10x_md.o(STACK) refers (Special) to heapauxi.o(.text) for __use_two_region_memory
    startup_stm32f10x_md.o(HEAP) refers (Special) to heapauxi.o(.text) for __use_two_region_memory
    startup_stm32f10x_md.o(RESET) refers (Special) to heapauxi.o(.text) for __use_two_region_memory
    startup_stm32f10x_md.o(RESET) refers to startup_stm32f10x_md.o(STACK) for __initial_sp
    startup_stm32f10x_md.o(RESET) refers to startup_stm32f10x_md.o(.text) for Reset_Handler
    startup_stm32f10x_md.o(RESET) refers to stm32f10x_it.o(i.NMI_Handler) for NMI_Handler
    startup_stm32f10x_md.o(RESET) refers to stm32f10x_it.o(i.HardFault_Handler) for HardFault_Handler
    startup_stm32f10x_md.o(RESET) refers to stm32f10x_it.o(i.MemManage_Handler) for MemManage_Handler
    startup_stm32f10x_md.o(RESET) refers to stm32f10x_it.o(i.BusFault_Handler) for BusFault_Handler
    startup_stm32f10x_md.o(RESET) refers to stm32f10x_it.o(i.UsageFault_Handler) for UsageFault_Handler
    startup_stm32f10x_md.o(RESET) refers to stm32f10x_it.o(i.SVC_Handler) for SVC_Handler
    startup_stm32f10x_md.o(RESET) refers to stm32f10x_it.o(i.DebugMon_Handler) for DebugMon_Handler
    startup_stm32f10x_md.o(RESET) refers to stm32f10x_it.o(i.PendSV_Handler) for PendSV_Handler
    startup_stm32f10x_md.o(RESET) refers to stm32f10x_it.o(i.SysTick_Handler) for SysTick_Handler
    startup_stm32f10x_md.o(RESET) refers to bluetooth.o(i.USART1_IRQHandler) for USART1_IRQHandler
    startup_stm32f10x_md.o(RESET) refers to asppro.o(i.USART2_IRQHandler) for USART2_IRQHandler
    startup_stm32f10x_md.o(RESET) refers to nf-04.o(i.EXTI15_10_IRQHandler) for EXTI15_10_IRQHandler
    startup_stm32f10x_md.o(.text) refers (Special) to heapauxi.o(.text) for __use_two_region_memory
    startup_stm32f10x_md.o(.text) refers to system_stm32f10x.o(i.SystemInit) for SystemInit
    startup_stm32f10x_md.o(.text) refers to __main.o(!!!main) for __main
    startup_stm32f10x_md.o(.text) refers to startup_stm32f10x_md.o(HEAP) for Heap_Mem
    startup_stm32f10x_md.o(.text) refers to startup_stm32f10x_md.o(STACK) for Stack_Mem
    system_stm32f10x.o(i.SetSysClock) refers to system_stm32f10x.o(i.SetSysClockTo72) for SetSysClockTo72
    system_stm32f10x.o(i.SystemCoreClockUpdate) refers to system_stm32f10x.o(.data) for SystemCoreClock
    system_stm32f10x.o(i.SystemInit) refers to system_stm32f10x.o(i.SetSysClock) for SetSysClock
    motor.o(i.Motor_Init) refers to stm32f10x_rcc.o(i.RCC_APB2PeriphClockCmd) for RCC_APB2PeriphClockCmd
    motor.o(i.Motor_Init) refers to stm32f10x_rcc.o(i.RCC_APB1PeriphClockCmd) for RCC_APB1PeriphClockCmd
    motor.o(i.Motor_Init) refers to stm32f10x_gpio.o(i.GPIO_Init) for GPIO_Init
    motor.o(i.Motor_Init) refers to stm32f10x_gpio.o(i.GPIO_SetBits) for GPIO_SetBits
    motor.o(i.Motor_Init) refers to stm32f10x_gpio.o(i.GPIO_ResetBits) for GPIO_ResetBits
    motor.o(i.Motor_Init) refers to stm32f10x_gpio.o(i.GPIO_PinRemapConfig) for GPIO_PinRemapConfig
    motor.o(i.Motor_Init) refers to stm32f10x_tim.o(i.TIM_InternalClockConfig) for TIM_InternalClockConfig
    motor.o(i.Motor_Init) refers to stm32f10x_tim.o(i.TIM_TimeBaseInit) for TIM_TimeBaseInit
[...]
    Removing stm32f10x_sdio.o(i.SDIO_GetDataCounter), (12 bytes).
    Removing stm32f10x_sdio.o(i.SDIO_GetFIFOCount), (12 bytes).
    Removing stm32f10x_sdio.o(i.SDIO_GetFlagStatus), (24 bytes).
    Removing stm32f10x_sdio.o(i.SDIO_GetITStatus), (24 bytes).
    Removing stm32f10x_sdio.o(i.SDIO_GetPowerState), (16 bytes).
    Removing stm32f10x_sdio.o(i.SDIO_GetResponse), (24 bytes).
    Removing stm32f10x_sdio.o(i.SDIO_ITConfig), (32 bytes).
    Removing stm32f10x_sdio.o(i.SDIO_Init), (48 bytes).
    Removing stm32f10x_sdio.o(i.SDIO_ReadData), (12 bytes).
    Removing stm32f10x_sdio.o(i.SDIO_SendCEATACmd), (12 bytes).
    Removing stm32f10x_sdio.o(i.SDIO_SendCommand), (44 bytes).
    Removing stm32f10x_sdio.o(i.SDIO_SendSDIOSuspendCmd), (12 bytes).
    Removing stm32f10x_sdio.o(i.SDIO_SetPowerState), (28 bytes).
    Removing stm32f10x_sdio.o(i.SDIO_SetSDIOOperation), (12 bytes).
    Removing stm32f10x_sdio.o(i.SDIO_SetSDIOReadWaitMode), (12 bytes).
    Removing stm32f10x_sdio.o(i.SDIO_StartSDIOReadWait), (12 bytes).
    Removing stm32f10x_sdio.o(i.SDIO_StopSDIOReadWait), (12 bytes).
    Removing stm32f10x_sdio.o(i.SDIO_StructInit), (16 bytes).
    Removing stm32f10x_sdio.o(i.SDIO_WriteData), (12 bytes).
    Removing stm32f10x_spi.o(i.I2S_Cmd), (24 bytes).
    Removing stm32f10x_spi.o(i.I2S_Init), (232 bytes).
    Removing stm32f10x_spi.o(i.I2S_StructInit), (20 bytes).
    Removing stm32f10x_spi.o(i.SPI_BiDirectionalLineConfig), (28 bytes).
    Removing stm32f10x_spi.o(i.SPI_CalculateCRC), (24 bytes).
    Removing stm32f10x_spi.o(i.SPI_DataSizeConfig), (18 bytes).
    Removing stm32f10x_spi.o(i.SPI_GetCRC), (16 bytes).
    Removing stm32f10x_spi.o(i.SPI_GetCRCPolynomial), (6 bytes).
    Removing stm32f10x_spi.o(i.SPI_I2S_ClearFlag), (6 bytes).
    Removing stm32f10x_spi.o(i.SPI_I2S_ClearITPendingBit), (20 bytes).
    Removing stm32f10x_spi.o(i.SPI_I2S_DMACmd), (18 bytes).
    Removing stm32f10x_spi.o(i.SPI_I2S_DeInit), (88 bytes).
    Removing stm32f10x_spi.o(i.SPI_I2S_GetITStatus), (52 bytes).
    Removing stm32f10x_spi.o(i.SPI_I2S_ITConfig), (32 bytes).
    Removing stm32f10x_spi.o(i.SPI_NSSInternalSoftwareConfig), (30 bytes).
    Removing stm32f10x_spi.o(i.SPI_SSOutputCmd), (24 bytes).
    Removing stm32f10x_spi.o(i.SPI_StructInit), (24 bytes).
    Removing stm32f10x_spi.o(i.SPI_TransmitCRC), (10 bytes).
    Removing stm32f10x_tim.o(i.TIM_ARRPreloadConfig), (24 bytes).
    Removing stm32f10x_tim.o(i.TIM_BDTRConfig), (32 bytes).
    Removing stm32f10x_tim.o(i.TIM_BDTRStructInit), (18 bytes).
    Removing stm32f10x_tim.o(i.TIM_CCPreloadControl), (24 bytes).
    Removing stm32f10x_tim.o(i.TIM_CCxCmd), (30 bytes).
    Removing stm32f10x_tim.o(i.TIM_CCxNCmd), (30 bytes).
    Removing stm32f10x_tim.o(i.TIM_ClearFlag), (6 bytes).
    Removing stm32f10x_tim.o(i.TIM_ClearITPendingBit), (6 bytes).
    Removing stm32f10x_tim.o(i.TIM_ClearOC1Ref), (18 bytes).
    Removing stm32f10x_tim.o(i.TIM_ClearOC2Ref), (24 bytes).
    Removing stm32f10x_tim.o(i.TIM_ClearOC3Ref), (18 bytes).
    Removing stm32f10x_tim.o(i.TIM_ClearOC4Ref), (24 bytes).
    Removing stm32f10x_tim.o(i.TIM_CounterModeConfig), (18 bytes).
    Removing stm32f10x_tim.o(i.TIM_CtrlPWMOutputs), (30 bytes).
    Removing stm32f10x_tim.o(i.TIM_DMACmd), (18 bytes).
    Removing stm32f10x_tim.o(i.TIM_DMAConfig), (10 bytes).
    Removing stm32f10x_tim.o(i.TIM_DeInit), (488 bytes).
    Removing stm32f10x_tim.o(i.TIM_ETRClockMode1Config), (54 bytes).
    Removing stm32f10x_tim.o(i.TIM_EncoderInterfaceConfig), (66 bytes).
    Removing stm32f10x_tim.o(i.TIM_ForcedOC1Config), (18 bytes).
    Removing stm32f10x_tim.o(i.TIM_ForcedOC2Config), (26 bytes).
    Removing stm32f10x_tim.o(i.TIM_ForcedOC3Config), (18 bytes).
    Removing stm32f10x_tim.o(i.TIM_ForcedOC4Config), (26 bytes).
    Removing stm32f10x_tim.o(i.TIM_GenerateEvent), (4 bytes).
    Removing stm32f10x_tim.o(i.TIM_GetCapture1), (6 bytes).
    Removing stm32f10x_tim.o(i.TIM_GetCapture3), (6 bytes).
    Removing stm32f10x_tim.o(i.TIM_GetCapture4), (8 bytes).
    Removing stm32f10x_tim.o(i.TIM_GetFlagStatus), (18 bytes).
    Removing stm32f10x_tim.o(i.TIM_GetITStatus), (34 bytes).
    Removing stm32f10x_tim.o(i.TIM_GetPrescaler), (6 bytes).
    Removing stm32f10x_tim.o(i.TIM_ICStructInit), (18 bytes).
    Removing stm32f10x_tim.o(i.TIM_ITConfig), (18 bytes).
    Removing stm32f10x_tim.o(i.TIM_ITRxExternalClockConfig), (24 bytes).
    Removing stm32f10x_tim.o(i.TIM_OC1FastConfig), (18 bytes).
    Removing stm32f10x_tim.o(i.TIM_OC1NPolarityConfig), (18 bytes).
    Removing stm32f10x_tim.o(i.TIM_OC1PolarityConfig), (18 bytes).
    Removing stm32f10x_tim.o(i.TIM_OC1PreloadConfig), (18 bytes).
    Removing stm32f10x_tim.o(i.TIM_OC2FastConfig), (26 bytes).
    Removing stm32f10x_tim.o(i.TIM_OC2NPolarityConfig), (26 bytes).
    Removing stm32f10x_tim.o(i.TIM_OC2PolarityConfig), (26 bytes).
    Removing stm32f10x_tim.o(i.TIM_OC2PreloadConfig), (26 bytes).
    Removing stm32f10x_tim.o(i.TIM_OC3FastConfig), (18 bytes).
    Removing stm32f10x_tim.o(i.TIM_OC3NPolarityConfig), (26 bytes).
    Removing stm32f10x_tim.o(i.TIM_OC3PolarityConfig), (26 bytes).
    Removing stm32f10x_tim.o(i.TIM_OC3PreloadConfig), (18 bytes).
    Removing stm32f10x_tim.o(i.TIM_OC4FastConfig), (26 bytes).
    Removing stm32f10x_tim.o(i.TIM_OC4Init), (124 bytes).
    Removing stm32f10x_tim.o(i.TIM_OC4PolarityConfig), (26 bytes).
    Removing stm32f10x_tim.o(i.TIM_OC4PreloadConfig), (26 bytes).
    Removing stm32f10x_tim.o(i.TIM_PWMIConfig), (124 bytes).
    Removing stm32f10x_tim.o(i.TIM_PrescalerConfig), (6 bytes).
    Removing stm32f10x_tim.o(i.TIM_SelectCCDMA), (24 bytes).
    Removing stm32f10x_tim.o(i.TIM_SelectCOM), (24 bytes).
    Removing stm32f10x_tim.o(i.TIM_SelectHallSensor), (24 bytes).
    Removing stm32f10x_tim.o(i.TIM_SelectMasterSlaveMode), (18 bytes).
    Removing stm32f10x_tim.o(i.TIM_SelectOCxM), (82 bytes).
    Removing stm32f10x_tim.o(i.TIM_SelectOnePulseMode), (18 bytes).
    Removing stm32f10x_tim.o(i.TIM_SelectOutputTrigger), (18 bytes).
    Removing stm32f10x_tim.o(i.TIM_SetAutoreload), (4 bytes).
    Removing stm32f10x_tim.o(i.TIM_SetClockDivision), (18 bytes).
    Removing stm32f10x_tim.o(i.TIM_SetCompare4), (6 bytes).
    Removing stm32f10x_tim.o(i.TIM_SetCounter), (4 bytes).
    Removing stm32f10x_tim.o(i.TIM_TIxExternalClockConfig), (62 bytes).
    Removing stm32f10x_tim.o(i.TIM_TimeBaseStructInit), (18 bytes).
    Removing stm32f10x_tim.o(i.TIM_UpdateDisableConfig), (24 bytes).
    Removing stm32f10x_tim.o(i.TIM_UpdateRequestConfig), (24 bytes).
    Removing stm32f10x_usart.o(i.USART_ClearFlag), (18 bytes).
    Removing stm32f10x_usart.o(i.USART_ClockInit), (34 bytes).
    Removing stm32f10x_usart.o(i.USART_ClockStructInit), (12 bytes).
    Removing stm32f10x_usart.o(i.USART_DMACmd), (18 bytes).
    Removing stm32f10x_usart.o(i.USART_DeInit), (156 bytes).
    Removing stm32f10x_usart.o(i.USART_GetFlagStatus), (26 bytes).
    Removing stm32f10x_usart.o(i.USART_GetITStatus), (84 bytes).
    Removing stm32f10x_usart.o(i.USART_HalfDuplexCmd), (24 bytes).
    Removing stm32f10x_usart.o(i.USART_IrDACmd), (24 bytes).
    Removing stm32f10x_usart.o(i.USART_IrDAConfig), (18 bytes).
    Removing stm32f10x_usart.o(i.USART_LINBreakDetectLengthConfig), (18 bytes).
    Removing stm32f10x_usart.o(i.USART_LINCmd), (24 bytes).
    Removing stm32f10x_usart.o(i.USART_OneBitMethodCmd), (24 bytes).
    Removing stm32f10x_usart.o(i.USART_OverSampling8Cmd), (22 bytes).
    Removing stm32f10x_usart.o(i.USART_ReceiverWakeUpCmd), (24 bytes).
    Removing stm32f10x_usart.o(i.USART_SendBreak), (10 bytes).
    Removing stm32f10x_usart.o(i.USART_SetAddress), (18 bytes).
    Removing stm32f10x_usart.o(i.USART_SetGuardTime), (16 bytes).
    Removing stm32f10x_usart.o(i.USART_SetPrescaler), (16 bytes).
    Removing stm32f10x_usart.o(i.USART_SmartCardCmd), (24 bytes).
    Removing stm32f10x_usart.o(i.USART_SmartCardNACKCmd), (24 bytes).
    Removing stm32f10x_usart.o(i.USART_StructInit), (24 bytes).
    Removing stm32f10x_usart.o(i.USART_WakeUpConfig), (18 bytes).
    Removing stm32f10x_wwdg.o(i.WWDG_ClearFlag), (12 bytes).
    Removing stm32f10x_wwdg.o(i.WWDG_DeInit), (22 bytes).
    Removing stm32f10x_wwdg.o(i.WWDG_Enable), (16 bytes).
    Removing stm32f10x_wwdg.o(i.WWDG_EnableIT), (12 bytes).
    Removing stm32f10x_wwdg.o(i.WWDG_GetFlagStatus), (12 bytes).
    Removing stm32f10x_wwdg.o(i.WWDG_SetCounter), (16 bytes).
    Removing stm32f10x_wwdg.o(i.WWDG_SetPrescaler), (24 bytes).
    Removing stm32f10x_wwdg.o(i.WWDG_SetWindowValue), (40 bytes).

433 unused section(s) (total 16646 bytes) removed from the image.

==============================================================================

Image Symbol Table

    Local Symbols

    Symbol Name                              Value     Ov Type        Size  Object(Section)

    ../clib/angel/boardlib.s                 0x00000000   Number         0  boardinit1.o ABSOLUTE
    ../clib/angel/boardlib.s                 0x00000000   Number         0  boardinit2.o ABSOLUTE
    ../clib/angel/boardlib.s                 0x00000000   Number         0  boardinit3.o ABSOLUTE
    ../clib/angel/boardlib.s                 0x00000000   Number         0  boardshut.o ABSOLUTE
    ../clib/angel/handlers.s                 0x00000000   Number         0  __scatter_zi.o ABSOLUTE
    ../clib/angel/handlers.s                 0x00000000   Number         0  __scatter_copy.o ABSOLUTE
    ../clib/angel/kernel.s                   0x00000000   Number         0  rtexit.o ABSOLUTE
    ../clib/angel/kernel.s                   0x00000000   Number         0  __rtentry.o ABSOLUTE
    ../clib/angel/kernel.s                   0x00000000   Number         0  __rtentry2.o ABSOLUTE
    ../clib/angel/kernel.s                   0x00000000   Number         0  __rtentry4.o ABSOLUTE
    ../clib/angel/kernel.s                   0x00000000   Number         0  rtexit2.o ABSOLUTE
    ../clib/angel/rt.s                       0x00000000   Number         0  rt_raise.o ABSOLUTE
    ../clib/angel/scatter.s                  0x00000000   Number         0  __scatter.o ABSOLUTE
    ../clib/angel/startup.s                  0x00000000   Number         0  __main.o ABSOLUTE
    ../clib/angel/sys.s                      0x00000000   Number         0  libspace.o ABSOLUTE
    ../clib/angel/sys.s                      0x00000000   Number         0  use_no_semi.o ABSOLUTE
    ../clib/angel/sys.s                      0x00000000   Number         0  indicate_semi.o ABSOLUTE
    ../clib/angel/sys.s                      0x00000000   Number         0  sys_stackheap_outer.o ABSOLUTE
    ../clib/angel/sysapp.c                   0x00000000   Number         0  sys_command.o ABSOLUTE
    ../clib/angel/sysapp.c                   0x00000000   Number         0  sys_exit.o ABSOLUTE
    ../clib/angel/sysapp.c                   0x00000000   Number         0  sys_wrch.o ABSOLUTE
    ../clib/armsys.c                         0x00000000   Number         0  no_argv.o ABSOLUTE
    ../clib/armsys.c                         0x00000000   Number         0  _get_argv_nomalloc.o ABSOLUTE
    ../clib/armsys.c                         0x00000000   Number         0  argv_veneer.o ABSOLUTE
    ../clib/armsys.c                         0x00000000   Number         0  argv_veneer.o ABSOLUTE
    ../clib/heapalloc.c                      0x00000000   Number         0  hrguard.o ABSOLUTE
    ../clib/heapaux.c                        0x00000000   Number         0  heapauxi.o ABSOLUTE
    ../clib/libinit.s                        0x00000000   Number         0  libshutdown.o ABSOLUTE
    ../clib/libinit.s                        0x00000000   Number         0  libinit.o ABSOLUTE
    ../clib/libinit.s                        0x00000000   Number         0  libinit2.o ABSOLUTE
    ../clib/libinit.s                        0x00000000   Number         0  libshutdown2.o ABSOLUTE
    ../clib/signal.c                         0x00000000   Number         0  __raise.o ABSOLUTE
    ../clib/signal.c                         0x00000000   Number         0  defsig_rtmem_inner.o ABSOLUTE
    ../clib/signal.c                         0x00000000   Number         0  defsig_abrt_inner.o ABSOLUTE
    ../clib/signal.c                         0x00000000   Number         0  defsig_exit.o ABSOLUTE
    ../clib/signal.c                         0x00000000   Number         0  defsig_fpe_inner.o ABSOLUTE
    ../clib/signal.c                         0x00000000   Number         0  defsig_rtred_inner.o ABSOLUTE
    ../clib/signal.c                         0x00000000   Number         0  defsig_stak_inner.o ABSOLUTE
    ../clib/signal.c                         0x00000000   Number         0  defsig_pvfn_inner.o ABSOLUTE
    ../clib/signal.c                         0x00000000   Number         0  defsig_cppl_inner.o ABSOLUTE
    ../clib/signal.c                         0x00000000   Number         0  defsig_segv_inner.o ABSOLUTE
    ../clib/signal.c                         0x00000000   Number         0  defsig_rtmem_formal.o ABSOLUTE
    ../clib/signal.c                         0x00000000   Number         0  defsig_other.o ABSOLUTE
    ../clib/signal.c                         0x00000000   Number         0  defsig_general.o ABSOLUTE
    ../clib/signal.c                         0x00000000   Number         0  defsig_rtmem_outer.o ABSOLUTE
    ../clib/signal.s                         0x00000000   Number         0  defsig.o ABSOLUTE
    ../clib/stdlib.c                         0x00000000   Number         0  exit.o ABSOLUTE
    ../fplib/daddsub.s                       0x00000000   Number         0  daddsub_clz.o ABSOLUTE
    ../fplib/ddiv.s                          0x00000000   Number         0  ddiv.o ABSOLUTE
    ../fplib/dfix.s                          0x00000000   Number         0  dfix.o ABSOLUTE
    ../fplib/dfixu.s                         0x00000000   Number         0  dfixu.o ABSOLUTE
    ../fplib/dflt.s                          0x00000000   Number         0  dflt_clz.o ABSOLUTE
    ../fplib/dmul.s                          0x00000000   Number         0  dmul.o ABSOLUTE
    ../fplib/dnaninf.s                       0x00000000   Number         0  dnaninf.o ABSOLUTE
    ../fplib/dretinf.s                       0x00000000   Number         0  dretinf.o ABSOLUTE
    ../fplib/fpinit.s                        0x00000000   Number         0  fpinit.o ABSOLUTE
    ../fplib/usenofp.s                       0x00000000   Number         0  usenofp.o ABSOLUTE
    Hardware\ASPPRO.c                        0x00000000   Number         0  asppro.o ABSOLUTE
    Hardware\Bluetooth.c                     0x00000000   Number         0  bluetooth.o ABSOLUTE
    Hardware\InfraredSensor.c                0x00000000   Number         0  infraredsensor.o ABSOLUTE
    Hardware\NF-04.c                         0x00000000   Number         0  nf-04.o ABSOLUTE
    Hardware\OLED.c                          0x00000000   Number         0  oled.o ABSOLUTE
    Hardware\SI24R1.c                        0x00000000   Number         0  si24r1.o ABSOLUTE
    Hardware\Servo.c                         0x00000000   Number         0  servo.o ABSOLUTE
    Hardware\UltrasonicSensor.c              0x00000000   Number         0  ultrasonicsensor.o ABSOLUTE
    Hardware\motor.c                         0x00000000   Number         0  motor.o ABSOLUTE
    Library\misc.c                           0x00000000   Number         0  misc.o ABSOLUTE
    Library\stm32f10x_adc.c                  0x00000000   Number         0  stm32f10x_adc.o ABSOLUTE
    Library\stm32f10x_bkp.c                  0x00000000   Number         0  stm32f10x_bkp.o ABSOLUTE
    Library\stm32f10x_can.c                  0x00000000   Number         0  stm32f10x_can.o ABSOLUTE
    Library\stm32f10x_cec.c                  0x00000000   Number         0  stm32f10x_cec.o ABSOLUTE
    Library\stm32f10x_crc.c                  0x00000000   Number         0  stm32f10x_crc.o ABSOLUTE
    Library\stm32f10x_dac.c                  0x00000000   Number         0  stm32f10x_dac.o ABSOLUTE
    Library\stm32f10x_dbgmcu.c               0x00000000   Number         0  stm32f10x_dbgmcu.o ABSOLUTE
    Library\stm32f10x_dma.c                  0x00000000   Number         0  stm32f10x_dma.o ABSOLUTE
    Library\stm32f10x_exti.c                 0x00000000   Number         0  stm32f10x_exti.o ABSOLUTE
    Library\stm32f10x_flash.c                0x00000000   Number         0  stm32f10x_flash.o ABSOLUTE
    Library\stm32f10x_fsmc.c                 0x00000000   Number         0  stm32f10x_fsmc.o ABSOLUTE
    Library\stm32f10x_gpio.c                 0x00000000   Number         0  stm32f10x_gpio.o ABSOLUTE
    Library\stm32f10x_i2c.c                  0x00000000   Number         0  stm32f10x_i2c.o ABSOLUTE
    Library\stm32f10x_iwdg.c                 0x00000000   Number         0  stm32f10x_iwdg.o ABSOLUTE
    Library\stm32f10x_pwr.c                  0x00000000   Number         0  stm32f10x_pwr.o ABSOLUTE
    Library\stm32f10x_rcc.c                  0x00000000   Number         0  stm32f10x_rcc.o ABSOLUTE
    Library\stm32f10x_rtc.c                  0x00000000   Number         0  stm32f10x_rtc.o ABSOLUTE
    Library\stm32f10x_sdio.c                 0x00000000   Number         0  stm32f10x_sdio.o ABSOLUTE
    Library\stm32f10x_spi.c                  0x00000000   Number         0  stm32f10x_spi.o ABSOLUTE
    Library\stm32f10x_tim.c                  0x00000000   Number         0  stm32f10x_tim.o ABSOLUTE
    Library\stm32f10x_usart.c                0x00000000   Number         0  stm32f10x_usart.o ABSOLUTE
    Library\stm32f10x_wwdg.c                 0x00000000   Number         0  stm32f10x_wwdg.o ABSOLUTE
    Start\\core_cm3.c                        0x00000000   Number         0  core_cm3.o ABSOLUTE
    Start\core_cm3.c                         0x00000000   Number         0  core_cm3.o ABSOLUTE
    Start\startup_stm32f10x_md.s             0x00000000   Number         0  startup_stm32f10x_md.o ABSOLUTE
    Start\system_stm32f10x.c                 0x00000000   Number         0  system_stm32f10x.o ABSOLUTE
    System\Delay.c                           0x00000000   Number         0  delay.o ABSOLUTE
    User\main.c                              0x00000000   Number         0  main.o ABSOLUTE
    User\stm32f10x_it.c                      0x00000000   Number         0  stm32f10x_it.o ABSOLUTE
    dc.s                                     0x00000000   Number         0  dc.o ABSOLUTE
    RESET                                    0x08000000   Section      236  startup_stm32f10x_md.o(RESET)
    !!!main                                  0x080000ec   Section        8  __main.o(!!!main)
    !!!scatter                               0x080000f4   Section       52  __scatter.o(!!!scatter)
    !!handler_copy                           0x08000128   Section       26  __scatter_copy.o(!!handler_copy)
    !!handler_zi                             0x08000144   Section       28  __scatter_zi.o(!!handler_zi)
    .ARM.Collect$$libinit$$00000000          0x08000160   Section        2  libinit.o(.ARM.Collect$$libinit$$00000000)
    .ARM.Collect$$libinit$$00000002          0x08000162   Section        0  libinit2.o(.ARM.Collect$$libinit$$00000002)
    .ARM.Collect$$libinit$$00000004          0x08000162   Section        0  libinit2.o(.ARM.Collect$$libinit$$00000004)
    .ARM.Collect$$libinit$$0000000A          0x08000162   Section        0  libinit2.o(.ARM.Collect$$libinit$$0000000A)
    .ARM.Collect$$libinit$$0000000C          0x08000162   Section        0  libinit2.o(.ARM.Collect$$libinit$$0000000C)
    .ARM.Collect$$libinit$$0000000E          0x08000162   Section        0  libinit2.o(.ARM.Collect$$libinit$$0000000E)
    .ARM.Collect$$libinit$$00000011          0x08000162   Section        0  libinit2.o(.ARM.Collect$$libinit$$00000011)
    .ARM.Collect$$libinit$$00000013          0x08000162   Section        0  libinit2.o(.ARM.Collect$$libinit$$00000013)
    .ARM.Collect$$libinit$$00000015          0x08000162   Section        0  libinit2.o(.ARM.Collect$$libinit$$00000015)
    .ARM.Collect$$libinit$$00000017          0x08000162   Section        0  libinit2.o(.ARM.Collect$$libinit$$00000017)
    .ARM.Collect$$libinit$$00000019          0x08000162   Section        0  libinit2.o(.ARM.Collect$$libinit$$00000019)
    .ARM.Collect$$libinit$$0000001B          0x08000162   Section        0  libinit2.o(.ARM.Collect$$libinit$$0000001B)
    .ARM.Collect$$libinit$$0000001D          0x08000162   Section        0  libinit2.o(.ARM.Collect$$libinit$$0000001D)
    .ARM.Collect$$libinit$$0000001F          0x08000162   Section        0  libinit2.o(.ARM.Collect$$libinit$$0000001F)
    .ARM.Collect$$libinit$$00000021          0x08000162   Section        0  libinit2.o(.ARM.Collect$$libinit$$00000021)
    .ARM.Collect$$libinit$$00000023          0x08000162   Section        0  libinit2.o(.ARM.Collect$$libinit$$00000023)
    .ARM.Collect$$libinit$$00000025          0x08000162   Section        0  libinit2.o(.ARM.Collect$$libinit$$00000025)
    .ARM.Collect$$libinit$$0000002C          0x08000162   Section        0  libinit2.o(.ARM.Collect$$libinit$$0000002C)
    .ARM.Collect$$libinit$$0000002E          0x08000162   Section        0  libinit2.o(.ARM.Collect$$libinit$$0000002E)
    .ARM.Collect$$libinit$$00000030          0x08000162   Section        0  libinit2.o(.ARM.Collect$$libinit$$00000030)
    .ARM.Collect$$libinit$$00000032          0x08000162   Section        0  libinit2.o(.ARM.Collect$$libinit$$00000032)
    .ARM.Collect$$libinit$$00000033          0x08000162   Section        2  libinit2.o(.ARM.Collect$$libinit$$00000033)
    .ARM.Collect$$libshutdown$$00000000      0x08000164   Section        2  libshutdown.o(.ARM.Collect$$libshutdown$$00000000)
    .ARM.Collect$$libshutdown$$00000002      0x08000166   Section        0  libshutdown2.o(.ARM.Collect$$libshutdown$$00000002)
    .ARM.Collect$$libshutdown$$00000004      0x08000166   Section        0  libshutdown2.o(.ARM.Collect$$libshutdown$$00000004)
    .ARM.Collect$$libshutdown$$00000007      0x08000166   Section        0  libshutdown2.o(.ARM.Collect$$libshutdown$$00000007)
    .ARM.Collect$$libshutdown$$0000000A      0x08000166   Section        0  libshutdown2.o(.ARM.Collect$$libshutdown$$0000000A)
    .ARM.Collect$$libshutdown$$0000000C      0x08000166   Section        0  libshutdown2.o(.ARM.Collect$$libshutdown$$0000000C)
    .ARM.Collect$$libshutdown$$0000000F      0x08000166   Section        0  libshutdown2.o(.ARM.Collect$$libshutdown$$0000000F)
    .ARM.Collect$$libshutdown$$00000010      0x08000166   Section        2  libshutdown2.o(.ARM.Collect$$libshutdown$$00000010)
    .ARM.Collect$$rtentry$$00000000          0x08000168   Section        0  __rtentry.o(.ARM.Collect$$rtentry$$00000000)
    .ARM.Collect$$rtentry$$00000002          0x08000168   Section        0  __rtentry2.o(.ARM.Collect$$rtentry$$00000002)
    .ARM.Collect$$rtentry$$00000004          0x08000168   Section        6  __rtentry4.o(.ARM.Collect$$rtentry$$00000004)
    .ARM.Collect$$rtentry$$00000009          0x0800016e   Section        0  __rtentry2.o(.ARM.Collect$$rtentry$$00000009)
    .ARM.Collect$$rtentry$$0000000A          0x0800016e   Section        4  __rtentry2.o(.ARM.Collect$$rtentry$$0000000A)
    .ARM.Collect$$rtentry$$0000000C          0x08000172   Section        0  __rtentry2.o(.ARM.Collect$$rtentry$$0000000C)
    .ARM.Collect$$rtentry$$0000000D          0x08000172   Section        8  __rtentry2.o(.ARM.Collect$$rtentry$$0000000D)
    .ARM.Collect$$rtexit$$00000000           0x0800017a   Section        2  rtexit.o(.ARM.Collect$$rtexit$$00000000)
    .ARM.Collect$$rtexit$$00000002           0x0800017c   Section        0  rtexit2.o(.ARM.Collect$$rtexit$$00000002)
    .ARM.Collect$$rtexit$$00000003           0x0800017c   Section        4  rtexit2.o(.ARM.Collect$$rtexit$$00000003)
    .ARM.Collect$$rtexit$$00000004           0x08000180   Section        6  rtexit2.o(.ARM.Collect$$rtexit$$00000004)
    .text                                    0x08000188   Section       64  startup_stm32f10x_md.o(.text)
    .text                                    0x080001c8   Section        0  heapauxi.o(.text)
    .text                                    0x080001ce   Section       74  sys_stackheap_outer.o(.text)
    .text                                    0x08000218   Section        0  exit.o(.text)
    .text                                    0x0800022c   Section        8  libspace.o(.text)
    .text                                    0x08000234   Section        0  sys_exit.o(.text)
    .text                                    0x08000240   Section        2  use_no_semi.o(.text)
    .text                                    0x08000242   Section        0  indicate_semi.o(.text)
    i.ASPPRO_Init                            0x08000244   Section        0  asppro.o(i.ASPPRO_Init)
    i.Bluetooth_Init                         0x080002f0   Section        0  bluetooth.o(i.Bluetooth_Init)
    i.Bluetooth_Send                         0x080003a8   Section        0  bluetooth.o(i.Bluetooth_Send)
    i.BusFault_Handler                       0x080003bc   Section        0  stm32f10x_it.o(i.BusFault_Handler)
    i.DebugMon_Handler                       0x080003c0   Section        0  stm32f10x_it.o(i.DebugMon_Handler)
    i.Delay_ms                               0x080003c2   Section        0  delay.o(i.Delay_ms)
    i.Delay_s                                0x080003da   Section        0  delay.o(i.Delay_s)
    i.Delay_us                               0x080003f2   Section        0  delay.o(i.Delay_us)
    i.EXTI15_10_IRQHandler                   0x08000420   Section        0  nf-04.o(i.EXTI15_10_IRQHandler)
    i.EXTI_ClearITPendingBit                 0x0800061c   Section        0  stm32f10x_exti.o(i.EXTI_ClearITPendingBit)
    i.EXTI_Init                              0x08000628   Section        0  stm32f10x_exti.o(i.EXTI_Init)
    i.GPIO_EXTILineConfig                    0x080006bc   Section        0  stm32f10x_gpio.o(i.GPIO_EXTILineConfig)
    i.GPIO_Init                              0x080006fc   Section        0  stm32f10x_gpio.o(i.GPIO_Init)
    i.GPIO_PinRemapConfig                    0x08000814   Section        0  stm32f10x_gpio.o(i.GPIO_PinRemapConfig)
    i.GPIO_ResetBits                         0x080008a4   Section        0  stm32f10x_gpio.o(i.GPIO_ResetBits)
    i.GPIO_SetBits                           0x080008a8   Section        0  stm32f10x_gpio.o(i.GPIO_SetBits)
    i.GPIO_WriteBit                          0x080008ac   Section        0  stm32f10x_gpio.o(i.GPIO_WriteBit)
    i.HardFault_Handler                      0x080008b6   Section        0  stm32f10x_it.o(i.HardFault_Handler)
    i.InfraredSensor_GetCounter1             0x080008bc   Section        0  infraredsensor.o(i.InfraredSensor_GetCounter1)
    i.InfraredSensor_GetCounter2             0x080008cc   Section        0  infraredsensor.o(i.InfraredSensor_GetCounter2)
    i.InfraredSensor_Init                    0x080008d8   Section        0  infraredsensor.o(i.InfraredSensor_Init)
    i.MemManage_Handler                      0x08000970   Section        0  stm32f10x_it.o(i.MemManage_Handler)
    i.Motor_Init                             0x08000974   Section        0  motor.o(i.Motor_Init)
    i.Motor_SetSpeedMotor1                   0x08000a88   Section        0  motor.o(i.Motor_SetSpeedMotor1)
    i.Motor_SetSpeedMotor2                   0x08000ae4   Section        0  motor.o(i.Motor_SetSpeedMotor2)
    i.NF04_Init                              0x08000b40   Section        0  nf-04.o(i.NF04_Init)
    i.NF04_Receive                           0x08000bd0   Section        0  nf-04.o(i.NF04_Receive)
    i.NMI_Handler                            0x08000be0   Section        0  stm32f10x_it.o(i.NMI_Handler)
    i.NVIC_Init                              0x08000be4   Section        0  misc.o(i.NVIC_Init)
    i.NVIC_PriorityGroupConfig               0x08000c54   Section        0  misc.o(i.NVIC_PriorityGroupConfig)
    i.OLED_Clear                             0x08000c68   Section        0  oled.o(i.OLED_Clear)
    i.OLED_I2C_Init                          0x08000c94   Section        0  oled.o(i.OLED_I2C_Init)
    i.OLED_I2C_SendByte                      0x08000ce4   Section        0  oled.o(i.OLED_I2C_SendByte)
    i.OLED_I2C_Start                         0x08000d38   Section        0  oled.o(i.OLED_I2C_Start)
    i.OLED_I2C_Stop                          0x08000d6c   Section        0  oled.o(i.OLED_I2C_Stop)
    i.OLED_Init                              0x08000d94   Section        0  oled.o(i.OLED_Init)
    i.OLED_Pow                               0x08000e42   Section        0  oled.o(i.OLED_Pow)
    i.OLED_SetCursor                         0x08000e56   Section        0  oled.o(i.OLED_SetCursor)
    i.OLED_ShowChar                          0x08000e78   Section        0  oled.o(i.OLED_ShowChar)
    i.OLED_ShowNum                           0x08000eec   Section        0  oled.o(i.OLED_ShowNum)
    i.OLED_WriteCommand                      0x08000f30   Section        0  oled.o(i.OLED_WriteCommand)
    i.OLED_WriteData                         0x08000f50   Section        0  oled.o(i.OLED_WriteData)
    i.PendSV_Handler                         0x08000f70   Section        0  stm32f10x_it.o(i.PendSV_Handler)
    i.RCC_APB1PeriphClockCmd                 0x08000f74   Section        0  stm32f10x_rcc.o(i.RCC_APB1PeriphClockCmd)
    i.RCC_APB2PeriphClockCmd                 0x08000f94   Section        0  stm32f10x_rcc.o(i.RCC_APB2PeriphClockCmd)
    i.RCC_GetClocksFreq                      0x08000fb4   Section        0  stm32f10x_rcc.o(i.RCC_GetClocksFreq)
    i.SI24R1_Init                            0x08001088   Section        0  si24r1.o(i.SI24R1_Init)
    i.SI24R1_Mode_NOACK                      0x08001170   Section        0  si24r1.o(i.SI24R1_Mode_NOACK)
    i.SI24R1_Read_Buf                        0x08001200   Section        0  si24r1.o(i.SI24R1_Read_Buf)
    i.SI24R1_Read_Reg                        0x08001244   Section        0  si24r1.o(i.SI24R1_Read_Reg)
    i.SI24R1_RxPacket                        0x08001274   Section        0  si24r1.o(i.SI24R1_RxPacket)
    i.SI24R1_Write_Buf                       0x080012b0   Section        0  si24r1.o(i.SI24R1_Write_Buf)
    i.SI24R1_Write_Reg                       0x080012f4   Section        0  si24r1.o(i.SI24R1_Write_Reg)
    i.SPI_Cmd                                0x08001324   Section        0  stm32f10x_spi.o(i.SPI_Cmd)
    i.SPI_I2S_GetFlagStatus                  0x0800133c   Section        0  stm32f10x_spi.o(i.SPI_I2S_GetFlagStatus)
    i.SPI_I2S_ReceiveData                    0x0800134e   Section        0  stm32f10x_spi.o(i.SPI_I2S_ReceiveData)
    i.SPI_I2S_SendData                       0x08001354   Section        0  stm32f10x_spi.o(i.SPI_I2S_SendData)
    i.SPI_Init                               0x08001358   Section        0  stm32f10x_spi.o(i.SPI_Init)
    i.SPI_RW                                 0x08001394   Section        0  si24r1.o(i.SPI_RW)
    SPI_RW                                   0x08001395   Thumb Code   176  si24r1.o(i.SPI_RW)
    i.SPI_TIMEOUT_UserCallback               0x0800144c   Section        0  si24r1.o(i.SPI_TIMEOUT_UserCallback)
    SPI_TIMEOUT_UserCallback                 0x0800144d   Thumb Code     6  si24r1.o(i.SPI_TIMEOUT_UserCallback)
    i.SVC_Handler                            0x08001452   Section        0  stm32f10x_it.o(i.SVC_Handler)
    i.Servo_Angle                            0x08001454   Section        0  servo.o(i.Servo_Angle)
    i.Servo_Init                             0x08001468   Section        0  servo.o(i.Servo_Init)
    i.SetSysClock                            0x08001500   Section        0  system_stm32f10x.o(i.SetSysClock)
    SetSysClock                              0x08001501   Thumb Code     8  system_stm32f10x.o(i.SetSysClock)
    i.SetSysClockTo72                        0x08001508   Section        0  system_stm32f10x.o(i.SetSysClockTo72)
    SetSysClockTo72                          0x08001509   Thumb Code   214  system_stm32f10x.o(i.SetSysClockTo72)
    i.SysTick_Handler                        0x080015e8   Section        0  stm32f10x_it.o(i.SysTick_Handler)
    i.SystemInit                             0x080015ec   Section        0  system_stm32f10x.o(i.SystemInit)
    i.TI1_Config                             0x0800164c   Section        0  stm32f10x_tim.o(i.TI1_Config)
    TI1_Config                               0x0800164d   Thumb Code   108  stm32f10x_tim.o(i.TI1_Config)
    i.TI2_Config                             0x080016cc   Section        0  stm32f10x_tim.o(i.TI2_Config)
    TI2_Config                               0x080016cd   Thumb Code   130  stm32f10x_tim.o(i.TI2_Config)
    i.TI3_Config                             0x08001764   Section        0  stm32f10x_tim.o(i.TI3_Config)
    TI3_Config                               0x08001765   Thumb Code   122  stm32f10x_tim.o(i.TI3_Config)
    i.TI4_Config                             0x080017f4   Section        0  stm32f10x_tim.o(i.TI4_Config)
    TI4_Config                               0x080017f5   Thumb Code   130  stm32f10x_tim.o(i.TI4_Config)
    i.TIM_Cmd                                0x0800188c   Section        0  stm32f10x_tim.o(i.TIM_Cmd)
    i.TIM_ETRClockMode2Config                0x080018a4   Section        0  stm32f10x_tim.o(i.TIM_ETRClockMode2Config)
    i.TIM_ETRConfig                          0x080018c4   Section        0  stm32f10x_tim.o(i.TIM_ETRConfig)
    i.TIM_GetCapture2                        0x080018e0   Section        0  stm32f10x_tim.o(i.TIM_GetCapture2)
    i.TIM_GetCounter                         0x080018e6   Section        0  stm32f10x_tim.o(i.TIM_GetCounter)
    i.TIM_ICInit                             0x080018ec   Section        0  stm32f10x_tim.o(i.TIM_ICInit)
    i.TIM_InternalClockConfig                0x08001998   Section        0  stm32f10x_tim.o(i.TIM_InternalClockConfig)
    i.TIM_OC1Init                            0x080019a4   Section        0  stm32f10x_tim.o(i.TIM_OC1Init)
    i.TIM_OC2Init                            0x08001a3c   Section        0  stm32f10x_tim.o(i.TIM_OC2Init)
    i.TIM_OC3Init                            0x08001ae0   Section        0  stm32f10x_tim.o(i.TIM_OC3Init)
    i.TIM_OCStructInit                       0x08001b80   Section        0  stm32f10x_tim.o(i.TIM_OCStructInit)
    i.TIM_SelectInputTrigger                 0x08001b94   Section        0  stm32f10x_tim.o(i.TIM_SelectInputTrigger)
    i.TIM_SelectSlaveMode                    0x08001ba6   Section        0  stm32f10x_tim.o(i.TIM_SelectSlaveMode)
    i.TIM_SetCompare1                        0x08001bb8   Section        0  stm32f10x_tim.o(i.TIM_SetCompare1)
    i.TIM_SetCompare2                        0x08001bbc   Section        0  stm32f10x_tim.o(i.TIM_SetCompare2)
    i.TIM_SetCompare3                        0x08001bc0   Section        0  stm32f10x_tim.o(i.TIM_SetCompare3)
    i.TIM_SetIC1Prescaler                    0x08001bc4   Section        0  stm32f10x_tim.o(i.TIM_SetIC1Prescaler)
    i.TIM_SetIC2Prescaler                    0x08001bd6   Section        0  stm32f10x_tim.o(i.TIM_SetIC2Prescaler)
    i.TIM_SetIC3Prescaler                    0x08001bf0   Section        0  stm32f10x_tim.o(i.TIM_SetIC3Prescaler)
    i.TIM_SetIC4Prescaler                    0x08001c02   Section        0  stm32f10x_tim.o(i.TIM_SetIC4Prescaler)
    i.TIM_TimeBaseInit                       0x08001c1c   Section        0  stm32f10x_tim.o(i.TIM_TimeBaseInit)
    i.USART1_IRQHandler                      0x08001cc0   Section        0  bluetooth.o(i.USART1_IRQHandler)
    i.USART2_IRQHandler                      0x08001ea0   Section        0  asppro.o(i.USART2_IRQHandler)
    i.USART_ClearITPendingBit                0x080022d0   Section        0  stm32f10x_usart.o(i.USART_ClearITPendingBit)
    i.USART_Cmd                              0x080022ee   Section        0  stm32f10x_usart.o(i.USART_Cmd)
    i.USART_ITConfig                         0x08002306   Section        0  stm32f10x_usart.o(i.USART_ITConfig)
    i.USART_Init                             0x08002350   Section        0  stm32f10x_usart.o(i.USART_Init)
    i.USART_ReceiveData                      0x08002428   Section        0  stm32f10x_usart.o(i.USART_ReceiveData)
    i.USART_SendData                         0x08002432   Section        0  stm32f10x_usart.o(i.USART_SendData)
    i.UltrasonicSensor_GetDistance           0x0800243c   Section        0  ultrasonicsensor.o(i.UltrasonicSensor_GetDistance)
    i.UltrasonicSensor_Init                  0x08002470   Section        0  ultrasonicsensor.o(i.UltrasonicSensor_Init)
    i.UsageFault_Handler                     0x0800255c   Section        0  stm32f10x_it.o(i.UsageFault_Handler)
    i.main                                   0x08002560   Section        0  main.o(i.main)
    x$fpl$dadd                               0x08002728   Section      336  daddsub_clz.o(x$fpl$dadd)
    _dadd1                                   0x08002739   Thumb Code     0  daddsub_clz.o(x$fpl$dadd)
    x$fpl$ddiv                               0x08002878   Section      688  ddiv.o(x$fpl$ddiv)
    ddiv_entry                               0x0800287f   Thumb Code     0  ddiv.o(x$fpl$ddiv)
    x$fpl$dfix                               0x08002b28   Section       94  dfix.o(x$fpl$dfix)
    x$fpl$dfixu                              0x08002b88   Section       90  dfixu.o(x$fpl$dfixu)
    x$fpl$dflt                               0x08002be2   Section       46  dflt_clz.o(x$fpl$dflt)
    x$fpl$dfltu                              0x08002c10   Section       38  dflt_clz.o(x$fpl$dfltu)
    x$fpl$dmul                               0x08002c38   Section      340  dmul.o(x$fpl$dmul)
    x$fpl$dnaninf                            0x08002d8c   Section      156  dnaninf.o(x$fpl$dnaninf)
    x$fpl$dretinf                            0x08002e28   Section       12  dretinf.o(x$fpl$dretinf)
    x$fpl$drsb                               0x08002e34   Section       22  daddsub_clz.o(x$fpl$drsb)
    x$fpl$dsub                               0x08002e4c   Section      468  daddsub_clz.o(x$fpl$dsub)
    _dsub1                                   0x08002e5d   Thumb Code     0  daddsub_clz.o(x$fpl$dsub)
    .constdata                               0x08003020   Section     1520  oled.o(.constdata)
    x$fpl$usenofp                            0x08003020   Section        0  usenofp.o(x$fpl$usenofp)
    .data                                    0x20000000   Section        9  si24r1.o(.data)
    SPITimeout                               0x20000000   Data           4  si24r1.o(.data)
    TX_ADDRESS                               0x20000004   Data           5  si24r1.o(.data)
    .data                                    0x2000000a   Section        7  bluetooth.o(.data)
    .data                                    0x20000011   Section       32  nf-04.o(.data)
    .data                                    0x20000032   Section        6  asppro.o(.data)
    speed                                    0x20000032   Data           2  asppro.o(.data)
    tmpSpeed                                 0x20000036   Data           2  asppro.o(.data)
    .data                                    0x20000038   Section       20  stm32f10x_rcc.o(.data)
    APBAHBPrescTable                         0x20000038   Data          16  stm32f10x_rcc.o(.data)
    ADCPrescTable                            0x20000048   Data           4  stm32f10x_rcc.o(.data)
    .bss                                     0x2000004c   Section       96  libspace.o(.bss)
    HEAP                                     0x200000b0   Section      512  startup_stm32f10x_md.o(HEAP)
    Heap_Mem                                 0x200000b0   Data         512  startup_stm32f10x_md.o(HEAP)
    STACK                                    0x200002b0   Section     1024  startup_stm32f10x_md.o(STACK)
    Stack_Mem                                0x200002b0   Data        1024  startup_stm32f10x_md.o(STACK)
    __initial_sp                             0x200006b0   Data           0  startup_stm32f10x_md.o(STACK)

    Global Symbols

    Symbol Name                              Value     Ov Type        Size  Object(Section)

    BuildAttributes$$THM_ISAv4$P$D$K$B$S$PE$A:L22UL41UL21$X:L11$S22US41US21$IEEE1$IW$USESV6$~STKCKD$USESV7$~SHL$OSPACE$ROPI$EBA8$UX$STANDARDLIB$REQ8$PRES8$EABIv2 0x00000000   Number         0  anon$$obj.o ABSOLUTE
    __ARM_use_no_argv                        0x00000000   Number         0  main.o ABSOLUTE
    __ARM_exceptions_init                     - Undefined Weak Reference
    __alloca_initialize                       - Undefined Weak Reference
    __arm_preinit_                            - Undefined Weak Reference
    __cpp_initialize__aeabi_                  - Undefined Weak Reference
    __cxa_finalize                            - Undefined Weak Reference
    __rt_locale                               - Undefined Weak Reference
    __sigvec_lookup                           - Undefined Weak Reference
    _atexit_init                              - Undefined Weak Reference
    _call_atexit_fns                          - Undefined Weak Reference
    _clock_init                               - Undefined Weak Reference
    _fp_trap_init                             - Undefined Weak Reference
    _fp_trap_shutdown                         - Undefined Weak Reference
    _get_lc_collate                           - Undefined Weak Reference
    _get_lc_ctype                             - Undefined Weak Reference
    _get_lc_monetary                          - Undefined Weak Reference
    _get_lc_numeric                           - Undefined Weak Reference
    _get_lc_time                              - Undefined Weak Reference
    _getenv_init                              - Undefined Weak Reference
    _handle_redirection                       - Undefined Weak Reference
    _init_alloc                               - Undefined Weak Reference
    _init_user_alloc                          - Undefined Weak Reference
    _initio                                   - Undefined Weak Reference
    _rand_init                                - Undefined Weak Reference
    _signal_finish                            - Undefined Weak Reference
    _signal_init                              - Undefined Weak Reference
    _terminate_alloc                          - Undefined Weak Reference
    _terminate_user_alloc                     - Undefined Weak Reference
    _terminateio                              - Undefined Weak Reference
    __Vectors_Size                           0x000000ec   Number         0  startup_stm32f10x_md.o ABSOLUTE
    __Vectors                                0x08000000   Data           4  startup_stm32f10x_md.o(RESET)
    __Vectors_End                            0x080000ec   Data           0  startup_stm32f10x_md.o(RESET)
    __main                                   0x080000ed   Thumb Code     8  __main.o(!!!main)
    __scatterload                            0x080000f5   Thumb Code     0  __scatter.o(!!!scatter)
    __scatterload_rt2                        0x080000f5   Thumb Code    44  __scatter.o(!!!scatter)
    __scatterload_rt2_thumb_only             0x080000f5   Thumb Code     0  __scatter.o(!!!scatter)
    __scatterload_null                       0x08000103   Thumb Code     0  __scatter.o(!!!scatter)
    __scatterload_copy                       0x08000129   Thumb Code    26  __scatter_copy.o(!!handler_copy)
    __scatterload_zeroinit                   0x08000145   Thumb Code    28  __scatter_zi.o(!!handler_zi)
    __rt_lib_init                            0x08000161   Thumb Code     0  libinit.o(.ARM.Collect$$libinit$$00000000)
    __rt_lib_init_alloca_1                   0x08000163   Thumb Code     0  libinit2.o(.ARM.Collect$$libinit$$0000002E)
    __rt_lib_init_argv_1                     0x08000163   Thumb Code     0  libinit2.o(.ARM.Collect$$libinit$$0000002C)
    __rt_lib_init_atexit_1                   0x08000163   Thumb Code     0  libinit2.o(.ARM.Collect$$libinit$$0000001B)
    __rt_lib_init_clock_1                    0x08000163   Thumb Code     0  libinit2.o(.ARM.Collect$$libinit$$00000021)
    __rt_lib_init_cpp_1                      0x08000163   Thumb Code     0  libinit2.o(.ARM.Collect$$libinit$$00000032)
    __rt_lib_init_exceptions_1               0x08000163   Thumb Code     0  libinit2.o(.ARM.Collect$$libinit$$00000030)
    __rt_lib_init_fp_1                       0x08000163   Thumb Code     0  libinit2.o(.ARM.Collect$$libinit$$00000002)
    __rt_lib_init_fp_trap_1                  0x08000163   Thumb Code     0  libinit2.o(.ARM.Collect$$libinit$$0000001F)
    __rt_lib_init_getenv_1                   0x08000163   Thumb Code     0  libinit2.o(.ARM.Collect$$libinit$$00000023)
    __rt_lib_init_heap_1                     0x08000163   Thumb Code     0  libinit2.o(.ARM.Collect$$libinit$$0000000A)
    __rt_lib_init_lc_collate_1               0x08000163   Thumb Code     0  libinit2.o(.ARM.Collect$$libinit$$00000011)
    __rt_lib_init_lc_ctype_1                 0x08000163   Thumb Code     0  libinit2.o(.ARM.Collect$$libinit$$00000013)
    __rt_lib_init_lc_monetary_1              0x08000163   Thumb Code     0  libinit2.o(.ARM.Collect$$libinit$$00000015)
    __rt_lib_init_lc_numeric_1               0x08000163   Thumb Code     0  libinit2.o(.ARM.Collect$$libinit$$00000017)
    __rt_lib_init_lc_time_1                  0x08000163   Thumb Code     0  libinit2.o(.ARM.Collect$$libinit$$00000019)
    __rt_lib_init_preinit_1                  0x08000163   Thumb Code     0  libinit2.o(.ARM.Collect$$libinit$$00000004)
    __rt_lib_init_rand_1                     0x08000163   Thumb Code     0  libinit2.o(.ARM.Collect$$libinit$$0000000E)
    __rt_lib_init_return                     0x08000163   Thumb Code     0  libinit2.o(.ARM.Collect$$libinit$$00000033)
    __rt_lib_init_signal_1                   0x08000163   Thumb Code     0  libinit2.o(.ARM.Collect$$libinit$$0000001D)
    __rt_lib_init_stdio_1                    0x08000163   Thumb Code     0  libinit2.o(.ARM.Collect$$libinit$$00000025)
    __rt_lib_init_user_alloc_1               0x08000163   Thumb Code     0  libinit2.o(.ARM.Collect$$libinit$$0000000C)
    __rt_lib_shutdown                        0x08000165   Thumb Code     0  libshutdown.o(.ARM.Collect$$libshutdown$$00000000)
    __rt_lib_shutdown_cpp_1                  0x08000167   Thumb Code     0  libshutdown2.o(.ARM.Collect$$libshutdown$$00000002)
    __rt_lib_shutdown_fp_trap_1              0x08000167   Thumb Code     0  libshutdown2.o(.ARM.Collect$$libshutdown$$00000007)
    __rt_lib_shutdown_heap_1                 0x08000167   Thumb Code     0  libshutdown2.o(.ARM.Collect$$libshutdown$$0000000F)
    __rt_lib_shutdown_return                 0x08000167   Thumb Code     0  libshutdown2.o(.ARM.Collect$$libshutdown$$00000010)
    __rt_lib_shutdown_signal_1               0x08000167   Thumb Code     0  libshutdown2.o(.ARM.Collect$$libshutdown$$0000000A)
    __rt_lib_shutdown_stdio_1                0x08000167   Thumb Code     0  libshutdown2.o(.ARM.Collect$$libshutdown$$00000004)
    __rt_lib_shutdown_user_alloc_1           0x08000167   Thumb Code     0  libshutdown2.o(.ARM.Collect$$libshutdown$$0000000C)
    __rt_entry                               0x08000169   Thumb Code     0  __rtentry.o(.ARM.Collect$$rtentry$$00000000)
    __rt_entry_presh_1                       0x08000169   Thumb Code     0  __rtentry2.o(.ARM.Collect$$rtentry$$00000002)
    __rt_entry_sh                            0x08000169   Thumb Code     0  __rtentry4.o(.ARM.Collect$$rtentry$$00000004)
    __rt_entry_li                            0x0800016f   Thumb Code     0  __rtentry2.o(.ARM.Collect$$rtentry$$0000000A)
    __rt_entry_postsh_1                      0x0800016f   Thumb Code     0  __rtentry2.o(.ARM.Collect$$rtentry$$00000009)
    __rt_entry_main                          0x08000173   Thumb Code     0  __rtentry2.o(.ARM.Collect$$rtentry$$0000000D)
    __rt_entry_postli_1                      0x08000173   Thumb Code     0  __rtentry2.o(.ARM.Collect$$rtentry$$0000000C)
    __rt_exit                                0x0800017b   Thumb Code     0  rtexit.o(.ARM.Collect$$rtexit$$00000000)
    __rt_exit_ls                             0x0800017d   Thumb Code     0  rtexit2.o(.ARM.Collect$$rtexit$$00000003)
    __rt_exit_prels_1                        0x0800017d   Thumb Code     0  rtexit2.o(.ARM.Collect$$rtexit$$00000002)
    __rt_exit_exit                           0x08000181   Thumb Code     0  rtexit2.o(.ARM.Collect$$rtexit$$00000004)
    Reset_Handler                            0x08000189   Thumb Code     8  startup_stm32f10x_md.o(.text)
    ADC1_2_IRQHandler                        0x080001a3   Thumb Code     0  startup_stm32f10x_md.o(.text)
    CAN1_RX1_IRQHandler                      0x080001a3   Thumb Code     0  startup_stm32f10x_md.o(.text)
    CAN1_SCE_IRQHandler                      0x080001a3   Thumb Code     0  startup_stm32f10x_md.o(.text)
    DMA1_Channel1_IRQHandler                 0x080001a3   Thumb Code     0  startup_stm32f10x_md.o(.text)
    DMA1_Channel2_IRQHandler                 0x080001a3   Thumb Code     0  startup_stm32f10x_md.o(.text)
    DMA1_Channel3_IRQHandler                 0x080001a3   Thumb Code     0  startup_stm32f10x_md.o(.text)
    DMA1_Channel4_IRQHandler                 0x080001a3   Thumb Code     0  startup_stm32f10x_md.o(.text)
    DMA1_Channel5_IRQHandler                 0x080001a3   Thumb Code     0  startup_stm32f10x_md.o(.text)
    DMA1_Channel6_IRQHandler                 0x080001a3   Thumb Code     0  startup_stm32f10x_md.o(.text)
    DMA1_Channel7_IRQHandler                 0x080001a3   Thumb Code     0  startup_stm32f10x_md.o(.text)
    EXTI0_IRQHandler                         0x080001a3   Thumb Code     0  startup_stm32f10x_md.o(.text)
    EXTI1_IRQHandler                         0x080001a3   Thumb Code     0  startup_stm32f10x_md.o(.text)
    EXTI2_IRQHandler                         0x080001a3   Thumb Code     0  startup_stm32f10x_md.o(.text)
    EXTI3_IRQHandler                         0x080001a3   Thumb Code     0  startup_stm32f10x_md.o(.text)
    EXTI4_IRQHandler                         0x080001a3   Thumb Code     0  startup_stm32f10x_md.o(.text)
    EXTI9_5_IRQHandler                       0x080001a3   Thumb Code     0  startup_stm32f10x_md.o(.text)
    FLASH_IRQHandler                         0x080001a3   Thumb Code     0  startup_stm32f10x_md.o(.text)
    I2C1_ER_IRQHandler                       0x080001a3   Thumb Code     0  startup_stm32f10x_md.o(.text)
    I2C1_EV_IRQHandler                       0x080001a3   Thumb Code     0  startup_stm32f10x_md.o(.text)
    I2C2_ER_IRQHandler                       0x080001a3   Thumb Code     0  startup_stm32f10x_md.o(.text)
    I2C2_EV_IRQHandler                       0x080001a3   Thumb Code     0  startup_stm32f10x_md.o(.text)
    PVD_IRQHandler                           0x080001a3   Thumb Code     0  startup_stm32f10x_md.o(.text)
    RCC_IRQHandler                           0x080001a3   Thumb Code     0  startup_stm32f10x_md.o(.text)
    RTCAlarm_IRQHandler                      0x080001a3   Thumb Code     0  startup_stm32f10x_md.o(.text)
    RTC_IRQHandler                           0x080001a3   Thumb Code     0  startup_stm32f10x_md.o(.text)
    SPI1_IRQHandler                          0x080001a3   Thumb Code     0  startup_stm32f10x_md.o(.text)
    SPI2_IRQHandler                          0x080001a3   Thumb Code     0  startup_stm32f10x_md.o(.text)
    TAMPER_IRQHandler                        0x080001a3   Thumb Code     0  startup_stm32f10x_md.o(.text)
    TIM1_BRK_IRQHandler                      0x080001a3   Thumb Code     0  startup_stm32f10x_md.o(.text)
    TIM1_CC_IRQHandler                       0x080001a3   Thumb Code     0  startup_stm32f10x_md.o(.text)
    TIM1_TRG_COM_IRQHandler                  0x080001a3   Thumb Code     0  startup_stm32f10x_md.o(.text)
    TIM1_UP_IRQHandler                       0x080001a3   Thumb Code     0  startup_stm32f10x_md.o(.text)
    TIM2_IRQHandler                          0x080001a3   Thumb Code     0  startup_stm32f10x_md.o(.text)
    TIM3_IRQHandler                          0x080001a3   Thumb Code     0  startup_stm32f10x_md.o(.text)
    TIM4_IRQHandler                          0x080001a3   Thumb Code     0  startup_stm32f10x_md.o(.text)
    USART3_IRQHandler                        0x080001a3   Thumb Code     0  startup_stm32f10x_md.o(.text)
    USBWakeUp_IRQHandler                     0x080001a3   Thumb Code     0  startup_stm32f10x_md.o(.text)
    USB_HP_CAN1_TX_IRQHandler                0x080001a3   Thumb Code     0  startup_stm32f10x_md.o(.text)
    USB_LP_CAN1_RX0_IRQHandler               0x080001a3   Thumb Code     0  startup_stm32f10x_md.o(.text)
    WWDG_IRQHandler                          0x080001a3   Thumb Code     0  startup_stm32f10x_md.o(.text)
    __user_initial_stackheap                 0x080001a5   Thumb Code     0  startup_stm32f10x_md.o(.text)
    __use_two_region_memory                  0x080001c9   Thumb Code     2  heapauxi.o(.text)
    __rt_heap_escrow$2region                 0x080001cb   Thumb Code     2  heapauxi.o(.text)
    __rt_heap_expand$2region                 0x080001cd   Thumb Code     2  heapauxi.o(.text)
    __user_setup_stackheap                   0x080001cf   Thumb Code    74  sys_stackheap_outer.o(.text)
    exit                                     0x08000219   Thumb Code    18  exit.o(.text)
    __user_libspace                          0x0800022d   Thumb Code     8  libspace.o(.text)
    __user_perproc_libspace                  0x0800022d   Thumb Code     0  libspace.o(.text)
    __user_perthread_libspace                0x0800022d   Thumb Code     0  libspace.o(.text)
    _sys_exit                                0x08000235   Thumb Code     8  sys_exit.o(.text)
    __I$use$semihosting                      0x08000241   Thumb Code     0  use_no_semi.o(.text)
    __use_no_semihosting_swi                 0x08000241   Thumb Code     2  use_no_semi.o(.text)
    __semihosting_library_function           0x08000243   Thumb Code     0  indicate_semi.o(.text)
    ASPPRO_Init                              0x08000245   Thumb Code   162  asppro.o(i.ASPPRO_Init)
    Bluetooth_Init                           0x080002f1   Thumb Code   176  bluetooth.o(i.Bluetooth_Init)
    Bluetooth_Send                           0x080003a9   Thumb Code    14  bluetooth.o(i.Bluetooth_Send)
    BusFault_Handler                         0x080003bd   Thumb Code     4  stm32f10x_it.o(i.BusFault_Handler)
    DebugMon_Handler                         0x080003c1   Thumb Code     2  stm32f10x_it.o(i.DebugMon_Handler)
    Delay_ms                                 0x080003c3   Thumb Code    24  delay.o(i.Delay_ms)
    Delay_s                                  0x080003db   Thumb Code    24  delay.o(i.Delay_s)
    Delay_us                                 0x080003f3   Thumb Code    46  delay.o(i.Delay_us)
    EXTI15_10_IRQHandler                     0x08000421   Thumb Code   476  nf-04.o(i.EXTI15_10_IRQHandler)
    EXTI_ClearITPendingBit                   0x0800061d   Thumb Code     6  stm32f10x_exti.o(i.EXTI_ClearITPendingBit)
    EXTI_Init                                0x08000629   Thumb Code   142  stm32f10x_exti.o(i.EXTI_Init)
    GPIO_EXTILineConfig                      0x080006bd   Thumb Code    60  stm32f10x_gpio.o(i.GPIO_EXTILineConfig)
    GPIO_Init                                0x080006fd   Thumb Code   278  stm32f10x_gpio.o(i.GPIO_Init)
    GPIO_PinRemapConfig                      0x08000815   Thumb Code   138  stm32f10x_gpio.o(i.GPIO_PinRemapConfig)
    GPIO_ResetBits                           0x080008a5   Thumb Code     4  stm32f10x_gpio.o(i.GPIO_ResetBits)
    GPIO_SetBits                             0x080008a9   Thumb Code     4  stm32f10x_gpio.o(i.GPIO_SetBits)
    GPIO_WriteBit                            0x080008ad   Thumb Code    10  stm32f10x_gpio.o(i.GPIO_WriteBit)
    HardFault_Handler                        0x080008b7   Thumb Code     4  stm32f10x_it.o(i.HardFault_Handler)
    InfraredSensor_GetCounter1               0x080008bd   Thumb Code    10  infraredsensor.o(i.InfraredSensor_GetCounter1)
    InfraredSensor_GetCounter2               0x080008cd   Thumb Code    12  infraredsensor.o(i.InfraredSensor_GetCounter2)
    InfraredSensor_Init                      0x080008d9   Thumb Code   142  infraredsensor.o(i.InfraredSensor_Init)
    MemManage_Handler                        0x08000971   Thumb Code     4  stm32f10x_it.o(i.MemManage_Handler)
    Motor_Init                               0x08000975   Thumb Code   258  motor.o(i.Motor_Init)
    Motor_SetSpeedMotor1                     0x08000a89   Thumb Code    80  motor.o(i.Motor_SetSpeedMotor1)
    Motor_SetSpeedMotor2                     0x08000ae5   Thumb Code    80  motor.o(i.Motor_SetSpeedMotor2)
    NF04_Init                                0x08000b41   Thumb Code   142  nf-04.o(i.NF04_Init)
    NF04_Receive                             0x08000bd1   Thumb Code    10  nf-04.o(i.NF04_Receive)
    NMI_Handler                              0x08000be1   Thumb Code     2  stm32f10x_it.o(i.NMI_Handler)
    NVIC_Init                                0x08000be5   Thumb Code   100  misc.o(i.NVIC_Init)
    NVIC_PriorityGroupConfig                 0x08000c55   Thumb Code    10  misc.o(i.NVIC_PriorityGroupConfig)
    OLED_Clear                               0x08000c69   Thumb Code    42  oled.o(i.OLED_Clear)
    OLED_I2C_Init                            0x08000c95   Thumb Code    76  oled.o(i.OLED_I2C_Init)
    OLED_I2C_SendByte                        0x08000ce5   Thumb Code    80  oled.o(i.OLED_I2C_SendByte)
    OLED_I2C_Start                           0x08000d39   Thumb Code    48  oled.o(i.OLED_I2C_Start)
    OLED_I2C_Stop                            0x08000d6d   Thumb Code    36  oled.o(i.OLED_I2C_Stop)
    OLED_Init                                0x08000d95   Thumb Code   174  oled.o(i.OLED_Init)
    OLED_Pow                                 0x08000e43   Thumb Code    20  oled.o(i.OLED_Pow)
    OLED_SetCursor                           0x08000e57   Thumb Code    34  oled.o(i.OLED_SetCursor)
    OLED_ShowChar                            0x08000e79   Thumb Code   110  oled.o(i.OLED_ShowChar)
    OLED_ShowNum                             0x08000eed   Thumb Code    68  oled.o(i.OLED_ShowNum)
    OLED_WriteCommand                        0x08000f31   Thumb Code    32  oled.o(i.OLED_WriteCommand)
    OLED_WriteData                           0x08000f51   Thumb Code    32  oled.o(i.OLED_WriteData)
    PendSV_Handler                           0x08000f71   Thumb Code     2  stm32f10x_it.o(i.PendSV_Handler)
    RCC_APB1PeriphClockCmd                   0x08000f75   Thumb Code    26  stm32f10x_rcc.o(i.RCC_APB1PeriphClockCmd)
    RCC_APB2PeriphClockCmd                   0x08000f95   Thumb Code    26  stm32f10x_rcc.o(i.RCC_APB2PeriphClockCmd)
    RCC_GetClocksFreq                        0x08000fb5   Thumb Code   192  stm32f10x_rcc.o(i.RCC_GetClocksFreq)
    SI24R1_Init                              0x08001089   Thumb Code   220  si24r1.o(i.SI24R1_Init)
    SI24R1_Mode_NOACK                        0x08001171   Thumb Code   136  si24r1.o(i.SI24R1_Mode_NOACK)
    SI24R1_Read_Buf                          0x08001201   Thumb Code    64  si24r1.o(i.SI24R1_Read_Buf)
    SI24R1_Read_Reg                          0x08001245   Thumb Code    42  si24r1.o(i.SI24R1_Read_Reg)
    SI24R1_RxPacket                          0x08001275   Thumb Code    60  si24r1.o(i.SI24R1_RxPacket)
    SI24R1_Write_Buf                         0x080012b1   Thumb Code    64  si24r1.o(i.SI24R1_Write_Buf)
    SI24R1_Write_Reg                         0x080012f5   Thumb Code    44  si24r1.o(i.SI24R1_Write_Reg)
    SPI_Cmd                                  0x08001325   Thumb Code    24  stm32f10x_spi.o(i.SPI_Cmd)
    SPI_I2S_GetFlagStatus                    0x0800133d   Thumb Code    18  stm32f10x_spi.o(i.SPI_I2S_GetFlagStatus)
    SPI_I2S_ReceiveData                      0x0800134f   Thumb Code     6  stm32f10x_spi.o(i.SPI_I2S_ReceiveData)
    SPI_I2S_SendData                         0x08001355   Thumb Code     4  stm32f10x_spi.o(i.SPI_I2S_SendData)
    SPI_Init                                 0x08001359   Thumb Code    60  stm32f10x_spi.o(i.SPI_Init)
    SVC_Handler                              0x08001453   Thumb Code     2  stm32f10x_it.o(i.SVC_Handler)
    Servo_Angle                              0x08001455   Thumb Code    14  servo.o(i.Servo_Angle)
    Servo_Init                               0x08001469   Thumb Code   142  servo.o(i.Servo_Init)
    SysTick_Handler                          0x080015e9   Thumb Code     2  stm32f10x_it.o(i.SysTick_Handler)
    SystemInit                               0x080015ed   Thumb Code    78  system_stm32f10x.o(i.SystemInit)
    TIM_Cmd                                  0x0800188d   Thumb Code    24  stm32f10x_tim.o(i.TIM_Cmd)
    TIM_ETRClockMode2Config                  0x080018a5   Thumb Code    32  stm32f10x_tim.o(i.TIM_ETRClockMode2Config)
    TIM_ETRConfig                            0x080018c5   Thumb Code    28  stm32f10x_tim.o(i.TIM_ETRConfig)
    TIM_GetCapture2                          0x080018e1   Thumb Code     6  stm32f10x_tim.o(i.TIM_GetCapture2)
    TIM_GetCounter                           0x080018e7   Thumb Code     6  stm32f10x_tim.o(i.TIM_GetCounter)
    TIM_ICInit                               0x080018ed   Thumb Code   150  stm32f10x_tim.o(i.TIM_ICInit)
    TIM_InternalClockConfig                  0x08001999   Thumb Code    12  stm32f10x_tim.o(i.TIM_InternalClockConfig)
    TIM_OC1Init                              0x080019a5   Thumb Code   132  stm32f10x_tim.o(i.TIM_OC1Init)
    TIM_OC2Init                              0x08001a3d   Thumb Code   154  stm32f10x_tim.o(i.TIM_OC2Init)
    TIM_OC3Init                              0x08001ae1   Thumb Code   150  stm32f10x_tim.o(i.TIM_OC3Init)
    TIM_OCStructInit                         0x08001b81   Thumb Code    20  stm32f10x_tim.o(i.TIM_OCStructInit)
    TIM_SelectInputTrigger                   0x08001b95   Thumb Code    18  stm32f10x_tim.o(i.TIM_SelectInputTrigger)
    TIM_SelectSlaveMode                      0x08001ba7   Thumb Code    18  stm32f10x_tim.o(i.TIM_SelectSlaveMode)
    TIM_SetCompare1                          0x08001bb9   Thumb Code     4  stm32f10x_tim.o(i.TIM_SetCompare1)
    TIM_SetCompare2                          0x08001bbd   Thumb Code     4  stm32f10x_tim.o(i.TIM_SetCompare2)
    TIM_SetCompare3                          0x08001bc1   Thumb Code     4  stm32f10x_tim.o(i.TIM_SetCompare3)
    TIM_SetIC1Prescaler                      0x08001bc5   Thumb Code    18  stm32f10x_tim.o(i.TIM_SetIC1Prescaler)
    TIM_SetIC2Prescaler                      0x08001bd7   Thumb Code    26  stm32f10x_tim.o(i.TIM_SetIC2Prescaler)
    TIM_SetIC3Prescaler                      0x08001bf1   Thumb Code    18  stm32f10x_tim.o(i.TIM_SetIC3Prescaler)
    TIM_SetIC4Prescaler                      0x08001c03   Thumb Code    26  stm32f10x_tim.o(i.TIM_SetIC4Prescaler)
    TIM_TimeBaseInit                         0x08001c1d   Thumb Code   122  stm32f10x_tim.o(i.TIM_TimeBaseInit)
    USART1_IRQHandler                        0x08001cc1   Thumb Code   456  bluetooth.o(i.USART1_IRQHandler)
    USART2_IRQHandler                        0x08001ea1   Thumb Code  1068  asppro.o(i.USART2_IRQHandler)
    USART_ClearITPendingBit                  0x080022d1   Thumb Code    30  stm32f10x_usart.o(i.USART_ClearITPendingBit)
    USART_Cmd                                0x080022ef   Thumb Code    24  stm32f10x_usart.o(i.USART_Cmd)
    USART_ITConfig                           0x08002307   Thumb Code    74  stm32f10x_usart.o(i.USART_ITConfig)
    USART_Init                               0x08002351   Thumb Code   210  stm32f10x_usart.o(i.USART_Init)
    USART_ReceiveData                        0x08002429   Thumb Code    10  stm32f10x_usart.o(i.USART_ReceiveData)
    USART_SendData                           0x08002433   Thumb Code     8  stm32f10x_usart.o(i.USART_SendData)
    UltrasonicSensor_GetDistance             0x0800243d   Thumb Code    42  ultrasonicsensor.o(i.UltrasonicSensor_GetDistance)
    UltrasonicSensor_Init                    0x08002471   Thumb Code   228  ultrasonicsensor.o(i.UltrasonicSensor_Init)
    UsageFault_Handler                       0x0800255d   Thumb Code     4  stm32f10x_it.o(i.UsageFault_Handler)
    main                                     0x08002561   Thumb Code   434  main.o(i.main)
    __aeabi_dadd                             0x08002729   Thumb Code     0  daddsub_clz.o(x$fpl$dadd)
    _dadd                                    0x08002729   Thumb Code   332  daddsub_clz.o(x$fpl$dadd)
    __aeabi_ddiv                             0x08002879   Thumb Code     0  ddiv.o(x$fpl$ddiv)
    _ddiv                                    0x08002879   Thumb Code   552  ddiv.o(x$fpl$ddiv)
    __aeabi_d2iz                             0x08002b29   Thumb Code     0  dfix.o(x$fpl$dfix)
    _dfix                                    0x08002b29   Thumb Code    94  dfix.o(x$fpl$dfix)
    __aeabi_d2uiz                            0x08002b89   Thumb Code     0  dfixu.o(x$fpl$dfixu)
    _dfixu                                   0x08002b89   Thumb Code    90  dfixu.o(x$fpl$dfixu)
    __aeabi_i2d                              0x08002be3   Thumb Code     0  dflt_clz.o(x$fpl$dflt)
    _dflt                                    0x08002be3   Thumb Code    46  dflt_clz.o(x$fpl$dflt)
    __aeabi_ui2d                             0x08002c11   Thumb Code     0  dflt_clz.o(x$fpl$dfltu)
    _dfltu                                   0x08002c11   Thumb Code    38  dflt_clz.o(x$fpl$dfltu)
    __aeabi_dmul                             0x08002c39   Thumb Code     0  dmul.o(x$fpl$dmul)
    _dmul                                    0x08002c39   Thumb Code   332  dmul.o(x$fpl$dmul)
    __fpl_dnaninf                            0x08002d8d   Thumb Code   156  dnaninf.o(x$fpl$dnaninf)
    __fpl_dretinf                            0x08002e29   Thumb Code    12  dretinf.o(x$fpl$dretinf)
    __aeabi_drsub                            0x08002e35   Thumb Code     0  daddsub_clz.o(x$fpl$drsb)
    _drsb                                    0x08002e35   Thumb Code    22  daddsub_clz.o(x$fpl$drsb)
    __aeabi_dsub                             0x08002e4d   Thumb Code     0  daddsub_clz.o(x$fpl$dsub)
    _dsub                                    0x08002e4d   Thumb Code   464  daddsub_clz.o(x$fpl$dsub)
    OLED_F8x16                               0x08003020   Data        1520  oled.o(.constdata)
    __I$use$fp                               0x08003020   Number         0  usenofp.o(x$fpl$usenofp)
    Region$$Table$$Base                      0x08003610   Number         0  anon$$obj.o(Region$$Table)
    Region$$Table$$Limit                     0x08003630   Number         0  anon$$obj.o(Region$$Table)
    speed                                    0x2000000a   Data           2  bluetooth.o(.data)
    LeftSpeed                                0x2000000c   Data           2  bluetooth.o(.data)
    RightSpeed                               0x2000000e   Data           2  bluetooth.o(.data)
    BluetoothStatu                           0x20000010   Data           1  bluetooth.o(.data)
    SI24R1_buff                              0x20000011   Data          32  nf-04.o(.data)
    statu                                    0x20000034   Data           2  asppro.o(.data)
    __libspace_start                         0x2000004c   Data          96  libspace.o(.bss)
    __temporary_stack_top$libspace           0x200000ac   Data           0  libspace.o(.bss)



==============================================================================

Memory Map of the image

  Image Entry point : 0x080000ed

  Load Region LR_IROM1 (Base: 0x08000000, Size: 0x0000367c, Max: 0x00010000, ABSOLUTE)

    Execution Region ER_IROM1 (Exec base: 0x08000000, Load base: 0x08000000, Size: 0x00003630, Max: 0x00010000, ABSOLUTE)

    Exec Addr    Load Addr    Size         Type   Attr      Idx    E Section Name        Object

    0x08000000   0x08000000   0x000000ec   Data   RO          206    RESET               startup_stm32f10x_md.o
    0x080000ec   0x080000ec   0x00000008   Code   RO         3670  * !!!main             c_w.l(__main.o)
    0x080000f4   0x080000f4   0x00000034   Code   RO         3858    !!!scatter          c_w.l(__scatter.o)
    0x08000128   0x08000128   0x0000001a   Code   RO         3860    !!handler_copy      c_w.l(__scatter_copy.o)
    0x08000142   0x08000142   0x00000002   PAD
    0x08000144   0x08000144   0x0000001c   Code   RO         3862    !!handler_zi        c_w.l(__scatter_zi.o)
    0x08000160   0x08000160   0x00000002   Code   RO         3728    .ARM.Collect$$libinit$$00000000  c_w.l(libinit.o)
    0x08000162   0x08000162   0x00000000   Code   RO         3735    .ARM.Collect$$libinit$$00000002  c_w.l(libinit2.o)
    0x08000162   0x08000162   0x00000000   Code   RO         3737    .ARM.Collect$$libinit$$00000004  c_w.l(libinit2.o)
    0x08000162   0x08000162   0x00000000   Code   RO         3740    .ARM.Collect$$libinit$$0000000A  c_w.l(libinit2.o)
    0x08000162   0x08000162   0x00000000   Code   RO         3742    .ARM.Collect$$libinit$$0000000C  c_w.l(libinit2.o)
    0x08000162   0x08000162   0x00000000   Code   RO         3744    .ARM.Collect$$libinit$$0000000E  c_w.l(libinit2.o)
    0x08000162   0x08000162   0x00000000   Code   RO         3747    .ARM.Collect$$libinit$$00000011  c_w.l(libinit2.o)
    0x08000162   0x08000162   0x00000000   Code   RO         3749    .ARM.Collect$$libinit$$00000013  c_w.l(libinit2.o)
    0x08000162   0x08000162   0x00000000   Code   RO         3751    .ARM.Collect$$libinit$$00000015  c_w.l(libinit2.o)
    0x08000162   0x08000162   0x00000000   Code   RO         3753    .ARM.Collect$$libinit$$00000017  c_w.l(libinit2.o)
    0x08000162   0x08000162   0x00000000   Code   RO         3755    .ARM.Collect$$libinit$$00000019  c_w.l(libinit2.o)
    0x08000162   0x08000162   0x00000000   Code   RO         3757    .ARM.Collect$$libinit$$0000001B  c_w.l(libinit2.o)
    0x08000162   0x08000162   0x00000000   Code   RO         3759    .ARM.Collect$$libinit$$0000001D  c_w.l(libinit2.o)
    0x08000162   0x08000162   0x00000000   Code   RO         3761    .ARM.Collect$$libinit$$0000001F  c_w.l(libinit2.o)
    0x08000162   0x08000162   0x00000000   Code   RO         3763    .ARM.Collect$$libinit$$00000021  c_w.l(libinit2.o)
    0x08000162   0x08000162   0x00000000   Code   RO         3765    .ARM.Collect$$libinit$$00000023  c_w.l(libinit2.o)
    0x08000162   0x08000162   0x00000000   Code   RO         3767    .ARM.Collect$$libinit$$00000025  c_w.l(libinit2.o)
    0x08000162   0x08000162   0x00000000   Code   RO         3771    .ARM.Collect$$libinit$$0000002C  c_w.l(libinit2.o)
    0x08000162   0x08000162   0x00000000   Code   RO         3773    .ARM.Collect$$libinit$$0000002E  c_w.l(libinit2.o)
    0x08000162   0x08000162   0x00000000   Code   RO         3775    .ARM.Collect$$libinit$$00000030  c_w.l(libinit2.o)
    0x08000162   0x08000162   0x00000000   Code   RO         3777    .ARM.Collect$$libinit$$00000032  c_w.l(libinit2.o)
    0x08000162   0x08000162   0x00000002   Code   RO         3778    .ARM.Collect$$libinit$$00000033  c_w.l(libinit2.o)
    0x08000164   0x08000164   0x00000002   Code   RO         3798    .ARM.Collect$$libshutdown$$00000000  c_w.l(libshutdown.o)
    0x08000166   0x08000166   0x00000000   Code   RO         3811    .ARM.Collect$$libshutdown$$00000002  c_w.l(libshutdown2.o)
    0x08000166   0x08000166   0x00000000   Code   RO         3813    .ARM.Collect$$libshutdown$$00000004  c_w.l(libshutdown2.o)
    0x08000166   0x08000166   0x00000000   Code   RO         3816    .ARM.Collect$$libshutdown$$00000007  c_w.l(libshutdown2.o)
    0x08000166   0x08000166   0x00000000   Code   RO         3819    .ARM.Collect$$libshutdown$$0000000A  c_w.l(libshutdown2.o)
    0x08000166   0x08000166   0x00000000   Code   RO         3821    .ARM.Collect$$libshutdown$$0000000C  c_w.l(libshutdown2.o)
    0x08000166   0x08000166   0x00000000   Code   RO         3824    .ARM.Collect$$libshutdown$$0000000F  c_w.l(libshutdown2.o)
    0x08000166   0x08000166   0x00000002   Code   RO         3825    .ARM.Collect$$libshutdown$$00000010  c_w.l(libshutdown2.o)
    0x08000168   0x08000168   0x00000000   Code   RO         3698    .ARM.Collect$$rtentry$$00000000  c_w.l(__rtentry.o)
    0x08000168   0x08000168   0x00000000   Code   RO         3705    .ARM.Collect$$rtentry$$00000002  c_w.l(__rtentry2.o)
    0x08000168   0x08000168   0x00000006   Code   RO         3717    .ARM.Collect$$rtentry$$00000004  c_w.l(__rtentry4.o)
    0x0800016e   0x0800016e   0x00000000   Code   RO         3707    .ARM.Collect$$rtentry$$00000009  c_w.l(__rtentry2.o)
    0x0800016e   0x0800016e   0x00000004   Code   RO         3708    .ARM.Collect$$rtentry$$0000000A  c_w.l(__rtentry2.o)
    0x08000172   0x08000172   0x00000000   Code   RO         3710    .ARM.Collect$$rtentry$$0000000C  c_w.l(__rtentry2.o)
    0x08000172   0x08000172   0x00000008   Code   RO         3711    .ARM.Collect$$rtentry$$0000000D  c_w.l(__rtentry2.o)
    0x0800017a   0x0800017a   0x00000002   Code   RO         3732    .ARM.Collect$$rtexit$$00000000  c_w.l(rtexit.o)
    0x0800017c   0x0800017c   0x00000000   Code   RO         3780    .ARM.Collect$$rtexit$$00000002  c_w.l(rtexit2.o)
    0x0800017c   0x0800017c   0x00000004   Code   RO         3781    .ARM.Collect$$rtexit$$00000003  c_w.l(rtexit2.o)
    0x08000180   0x08000180   0x00000006   Code   RO         3782    .ARM.Collect$$rtexit$$00000004  c_w.l(rtexit2.o)
    0x08000186   0x08000186   0x00000002   PAD
    0x08000188   0x08000188   0x00000040   Code   RO          207    .text               startup_stm32f10x_md.o
    0x080001c8   0x080001c8   0x00000006   Code   RO         3668    .text               c_w.l(heapauxi.o)
    0x080001ce   0x080001ce   0x0000004a   Code   RO         3719    .text               c_w.l(sys_stackheap_outer.o)
    0x08000218   0x08000218   0x00000012   Code   RO         3721    .text               c_w.l(exit.o)
    0x0800022a   0x0800022a   0x00000002   PAD
    0x0800022c   0x0800022c   0x00000008   Code   RO         3729    .text               c_w.l(libspace.o)
    0x08000234   0x08000234   0x0000000c   Code   RO         3790    .text               c_w.l(sys_exit.o)
    0x08000240   0x08000240   0x00000002   Code   RO         3801    .text               c_w.l(use_no_semi.o)
    0x08000242   0x08000242   0x00000000   Code   RO         3803    .text               c_w.l(indicate_semi.o)
    0x08000242   0x08000242   0x00000002   PAD
    0x08000244   0x08000244   0x000000ac   Code   RO          543    i.ASPPRO_Init       asppro.o
    0x080002f0   0x080002f0   0x000000b8   Code   RO          479    i.Bluetooth_Init    bluetooth.o
    0x080003a8   0x080003a8   0x00000014   Code   RO          480    i.Bluetooth_Send    bluetooth.o
    0x080003bc   0x080003bc   0x00000004   Code   RO          130    i.BusFault_Handler  stm32f10x_it.o
    0x080003c0   0x080003c0   0x00000002   Code   RO          131    i.DebugMon_Handler  stm32f10x_it.o
    0x080003c2   0x080003c2   0x00000018   Code   RO          606    i.Delay_ms          delay.o
    0x080003da   0x080003da   0x00000018   Code   RO          607    i.Delay_s           delay.o
    0x080003f2   0x080003f2   0x0000002e   Code   RO          608    i.Delay_us          delay.o
    0x08000420   0x08000420   0x000001fc   Code   RO          513    i.EXTI15_10_IRQHandler  nf-04.o
    0x0800061c   0x0800061c   0x0000000c   Code   RO         1455    i.EXTI_ClearITPendingBit  stm32f10x_exti.o
    0x08000628   0x08000628   0x00000094   Code   RO         1460    i.EXTI_Init         stm32f10x_exti.o
    0x080006bc   0x080006bc   0x00000040   Code   RO         1814    i.GPIO_EXTILineConfig  stm32f10x_gpio.o
    0x080006fc   0x080006fc   0x00000116   Code   RO         1817    i.GPIO_Init         stm32f10x_gpio.o
    0x08000812   0x08000812   0x00000002   PAD
    0x08000814   0x08000814   0x00000090   Code   RO         1819    i.GPIO_PinRemapConfig  stm32f10x_gpio.o
    0x080008a4   0x080008a4   0x00000004   Code   RO         1824    i.GPIO_ResetBits    stm32f10x_gpio.o
    0x080008a8   0x080008a8   0x00000004   Code   RO         1825    i.GPIO_SetBits      stm32f10x_gpio.o
    0x080008ac   0x080008ac   0x0000000a   Code   RO         1828    i.GPIO_WriteBit     stm32f10x_gpio.o
    0x080008b6   0x080008b6   0x00000004   Code   RO          132    i.HardFault_Handler  stm32f10x_it.o
    0x080008ba   0x080008ba   0x00000002   PAD
    0x080008bc   0x080008bc   0x00000010   Code   RO          564    i.InfraredSensor_GetCounter1  infraredsensor.o
    0x080008cc   0x080008cc   0x0000000c   Code   RO          565    i.InfraredSensor_GetCounter2  infraredsensor.o
    0x080008d8   0x080008d8   0x00000098   Code   RO          566    i.InfraredSensor_Init  infraredsensor.o
    0x08000970   0x08000970   0x00000004   Code   RO          133    i.MemManage_Handler  stm32f10x_it.o
    0x08000974   0x08000974   0x00000114   Code   RO          245    i.Motor_Init        motor.o
    0x08000a88   0x08000a88   0x0000005c   Code   RO          246    i.Motor_SetSpeedMotor1  motor.o
    0x08000ae4   0x08000ae4   0x0000005c   Code   RO          247    i.Motor_SetSpeedMotor2  motor.o
    0x08000b40   0x08000b40   0x0000008e   Code   RO          514    i.NF04_Init         nf-04.o
    0x08000bce   0x08000bce   0x00000002   PAD
    0x08000bd0   0x08000bd0   0x00000010   Code   RO          515    i.NF04_Receive      nf-04.o
    0x08000be0   0x08000be0   0x00000002   Code   RO          134    i.NMI_Handler       stm32f10x_it.o
    0x08000be2   0x08000be2   0x00000002   PAD
    0x08000be4   0x08000be4   0x00000070   Code   RO          630    i.NVIC_Init         misc.o
    0x08000c54   0x08000c54   0x00000014   Code   RO          631    i.NVIC_PriorityGroupConfig  misc.o
    0x08000c68   0x08000c68   0x0000002a   Code   RO          290    i.OLED_Clear        oled.o
    0x08000c92   0x08000c92   0x00000002   PAD
    0x08000c94   0x08000c94   0x00000050   Code   RO          291    i.OLED_I2C_Init     oled.o
    0x08000ce4   0x08000ce4   0x00000054   Code   RO          292    i.OLED_I2C_SendByte  oled.o
    0x08000d38   0x08000d38   0x00000034   Code   RO          293    i.OLED_I2C_Start    oled.o
    0x08000d6c   0x08000d6c   0x00000028   Code   RO          294    i.OLED_I2C_Stop     oled.o
    0x08000d94   0x08000d94   0x000000ae   Code   RO          295    i.OLED_Init         oled.o
    0x08000e42   0x08000e42   0x00000014   Code   RO          296    i.OLED_Pow          oled.o
    0x08000e56   0x08000e56   0x00000022   Code   RO          297    i.OLED_SetCursor    oled.o
    0x08000e78   0x08000e78   0x00000074   Code   RO          299    i.OLED_ShowChar     oled.o
    0x08000eec   0x08000eec   0x00000044   Code   RO          301    i.OLED_ShowNum      oled.o
    0x08000f30   0x08000f30   0x00000020   Code   RO          304    i.OLED_WriteCommand  oled.o
    0x08000f50   0x08000f50   0x00000020   Code   RO          305    i.OLED_WriteData    oled.o
    0x08000f70   0x08000f70   0x00000002   Code   RO          135    i.PendSV_Handler    stm32f10x_it.o
    0x08000f72   0x08000f72   0x00000002   PAD
    0x08000f74   0x08000f74   0x00000020   Code   RO         2245    i.RCC_APB1PeriphClockCmd  stm32f10x_rcc.o
    0x08000f94   0x08000f94   0x00000020   Code   RO         2247    i.RCC_APB2PeriphClockCmd  stm32f10x_rcc.o
    0x08000fb4   0x08000fb4   0x000000d4   Code   RO         2255    i.RCC_GetClocksFreq  stm32f10x_rcc.o
    0x08001088   0x08001088   0x000000e8   Code   RO          398    i.SI24R1_Init       si24r1.o
    0x08001170   0x08001170   0x00000090   Code   RO          399    i.SI24R1_Mode_NOACK  si24r1.o
    0x08001200   0x08001200   0x00000044   Code   RO          400    i.SI24R1_Read_Buf   si24r1.o
    0x08001244   0x08001244   0x00000030   Code   RO          401    i.SI24R1_Read_Reg   si24r1.o
    0x08001274   0x08001274   0x0000003c   Code   RO          402    i.SI24R1_RxPacket   si24r1.o
    0x080012b0   0x080012b0   0x00000044   Code   RO          406    i.SI24R1_Write_Buf  si24r1.o
    0x080012f4   0x080012f4   0x00000030   Code   RO          407    i.SI24R1_Write_Reg  si24r1.o
    0x08001324   0x08001324   0x00000018   Code   RO         2733    i.SPI_Cmd           stm32f10x_spi.o
    0x0800133c   0x0800133c   0x00000012   Code   RO         2741    i.SPI_I2S_GetFlagStatus  stm32f10x_spi.o
    0x0800134e   0x0800134e   0x00000006   Code   RO         2744    i.SPI_I2S_ReceiveData  stm32f10x_spi.o
    0x08001354   0x08001354   0x00000004   Code   RO         2745    i.SPI_I2S_SendData  stm32f10x_spi.o
    0x08001358   0x08001358   0x0000003c   Code   RO         2746    i.SPI_Init          stm32f10x_spi.o
    0x08001394   0x08001394   0x000000b8   Code   RO          408    i.SPI_RW            si24r1.o
    0x0800144c   0x0800144c   0x00000006   Code   RO          409    i.SPI_TIMEOUT_UserCallback  si24r1.o
    0x08001452   0x08001452   0x00000002   Code   RO          136    i.SVC_Handler       stm32f10x_it.o
    0x08001454   0x08001454   0x00000014   Code   RO          272    i.Servo_Angle       servo.o
    0x08001468   0x08001468   0x00000098   Code   RO          273    i.Servo_Init        servo.o
    0x08001500   0x08001500   0x00000008   Code   RO          211    i.SetSysClock       system_stm32f10x.o
    0x08001508   0x08001508   0x000000e0   Code   RO          212    i.SetSysClockTo72   system_stm32f10x.o
    0x080015e8   0x080015e8   0x00000002   Code   RO          137    i.SysTick_Handler   stm32f10x_it.o
    0x080015ea   0x080015ea   0x00000002   PAD
    0x080015ec   0x080015ec   0x00000060   Code   RO          214    i.SystemInit        system_stm32f10x.o
    0x0800164c   0x0800164c   0x00000080   Code   RO         2875    i.TI1_Config        stm32f10x_tim.o
    0x080016cc   0x080016cc   0x00000098   Code   RO         2876    i.TI2_Config        stm32f10x_tim.o
    0x08001764   0x08001764   0x00000090   Code   RO         2877    i.TI3_Config        stm32f10x_tim.o
    0x080017f4   0x080017f4   0x00000098   Code   RO         2878    i.TI4_Config        stm32f10x_tim.o
    0x0800188c   0x0800188c   0x00000018   Code   RO         2891    i.TIM_Cmd           stm32f10x_tim.o
    0x080018a4   0x080018a4   0x00000020   Code   RO         2898    i.TIM_ETRClockMode2Config  stm32f10x_tim.o
    0x080018c4   0x080018c4   0x0000001c   Code   RO         2899    i.TIM_ETRConfig     stm32f10x_tim.o
    0x080018e0   0x080018e0   0x00000006   Code   RO         2907    i.TIM_GetCapture2   stm32f10x_tim.o
    0x080018e6   0x080018e6   0x00000006   Code   RO         2910    i.TIM_GetCounter    stm32f10x_tim.o
    0x080018ec   0x080018ec   0x000000ac   Code   RO         2914    i.TIM_ICInit        stm32f10x_tim.o
    0x08001998   0x08001998   0x0000000c   Code   RO         2918    i.TIM_InternalClockConfig  stm32f10x_tim.o
    0x080019a4   0x080019a4   0x00000098   Code   RO         2920    i.TIM_OC1Init       stm32f10x_tim.o
    0x08001a3c   0x08001a3c   0x000000a4   Code   RO         2925    i.TIM_OC2Init       stm32f10x_tim.o
    0x08001ae0   0x08001ae0   0x000000a0   Code   RO         2930    i.TIM_OC3Init       stm32f10x_tim.o
    0x08001b80   0x08001b80   0x00000014   Code   RO         2938    i.TIM_OCStructInit  stm32f10x_tim.o
    0x08001b94   0x08001b94   0x00000012   Code   RO         2944    i.TIM_SelectInputTrigger  stm32f10x_tim.o
    0x08001ba6   0x08001ba6   0x00000012   Code   RO         2949    i.TIM_SelectSlaveMode  stm32f10x_tim.o
    0x08001bb8   0x08001bb8   0x00000004   Code   RO         2952    i.TIM_SetCompare1   stm32f10x_tim.o
    0x08001bbc   0x08001bbc   0x00000004   Code   RO         2953    i.TIM_SetCompare2   stm32f10x_tim.o
    0x08001bc0   0x08001bc0   0x00000004   Code   RO         2954    i.TIM_SetCompare3   stm32f10x_tim.o
    0x08001bc4   0x08001bc4   0x00000012   Code   RO         2957    i.TIM_SetIC1Prescaler  stm32f10x_tim.o
    0x08001bd6   0x08001bd6   0x0000001a   Code   RO         2958    i.TIM_SetIC2Prescaler  stm32f10x_tim.o
    0x08001bf0   0x08001bf0   0x00000012   Code   RO         2959    i.TIM_SetIC3Prescaler  stm32f10x_tim.o
    0x08001c02   0x08001c02   0x0000001a   Code   RO         2960    i.TIM_SetIC4Prescaler  stm32f10x_tim.o
    0x08001c1c   0x08001c1c   0x000000a4   Code   RO         2962    i.TIM_TimeBaseInit  stm32f10x_tim.o
    0x08001cc0   0x08001cc0   0x000001e0   Code   RO          481    i.USART1_IRQHandler  bluetooth.o
    0x08001ea0   0x08001ea0   0x00000430   Code   RO          544    i.USART2_IRQHandler  asppro.o
    0x080022d0   0x080022d0   0x0000001e   Code   RO         3427    i.USART_ClearITPendingBit  stm32f10x_usart.o
    0x080022ee   0x080022ee   0x00000018   Code   RO         3430    i.USART_Cmd         stm32f10x_usart.o
    0x08002306   0x08002306   0x0000004a   Code   RO         3436    i.USART_ITConfig    stm32f10x_usart.o
    0x08002350   0x08002350   0x000000d8   Code   RO         3437    i.USART_Init        stm32f10x_usart.o
    0x08002428   0x08002428   0x0000000a   Code   RO         3444    i.USART_ReceiveData  stm32f10x_usart.o
    0x08002432   0x08002432   0x00000008   Code   RO         3447    i.USART_SendData    stm32f10x_usart.o
    0x0800243a   0x0800243a   0x00000002   PAD
    0x0800243c   0x0800243c   0x00000034   Code   RO          588    i.UltrasonicSensor_GetDistance  ultrasonicsensor.o
    0x08002470   0x08002470   0x000000ec   Code   RO          589    i.UltrasonicSensor_Init  ultrasonicsensor.o
    0x0800255c   0x0800255c   0x00000004   Code   RO          138    i.UsageFault_Handler  stm32f10x_it.o
    0x08002560   0x08002560   0x000001c8   Code   RO            1    i.main              main.o
    0x08002728   0x08002728   0x00000150   Code   RO         3672    x$fpl$dadd          fz_ws.l(daddsub_clz.o)
    0x08002878   0x08002878   0x000002b0   Code   RO         3679    x$fpl$ddiv          fz_ws.l(ddiv.o)
    0x08002b28   0x08002b28   0x0000005e   Code   RO         3682    x$fpl$dfix          fz_ws.l(dfix.o)
    0x08002b86   0x08002b86   0x00000002   PAD
    0x08002b88   0x08002b88   0x0000005a   Code   RO         3686    x$fpl$dfixu         fz_ws.l(dfixu.o)
    0x08002be2   0x08002be2   0x0000002e   Code   RO         3691    x$fpl$dflt          fz_ws.l(dflt_clz.o)
    0x08002c10   0x08002c10   0x00000026   Code   RO         3690    x$fpl$dfltu         fz_ws.l(dflt_clz.o)
    0x08002c36   0x08002c36   0x00000002   PAD
    0x08002c38   0x08002c38   0x00000154   Code   RO         3696    x$fpl$dmul          fz_ws.l(dmul.o)
    0x08002d8c   0x08002d8c   0x0000009c   Code   RO         3699    x$fpl$dnaninf       fz_ws.l(dnaninf.o)
    0x08002e28   0x08002e28   0x0000000c   Code   RO         3701    x$fpl$dretinf       fz_ws.l(dretinf.o)
    0x08002e34   0x08002e34   0x00000016   Code   RO         3673    x$fpl$drsb          fz_ws.l(daddsub_clz.o)
    0x08002e4a   0x08002e4a   0x00000002   PAD
    0x08002e4c   0x08002e4c   0x000001d4   Code   RO         3674    x$fpl$dsub          fz_ws.l(daddsub_clz.o)
    0x08003020   0x08003020   0x00000000   Code   RO         3703    x$fpl$usenofp       fz_ws.l(usenofp.o)
    0x08003020   0x08003020   0x000005f0   Data   RO          306    .constdata          oled.o
    0x08003610   0x08003610   0x00000020   Data   RO         3856    Region$$Table       anon$$obj.o


    Execution Region RW_IRAM1 (Exec base: 0x20000000, Load base: 0x08003630, Size: 0x000006b0, Max: 0x00005000, ABSOLUTE)

    Exec Addr    Load Addr    Size         Type   Attr      Idx    E Section Name        Object

    0x20000000   0x08003630   0x00000009   Data   RW          410    .data               si24r1.o
    0x20000009   0x08003639   0x00000001   PAD
    0x2000000a   0x0800363a   0x00000007   Data   RW          482    .data               bluetooth.o
    0x20000011   0x08003641   0x00000020   Data   RW          516    .data               nf-04.o
    0x20000031   0x08003661   0x00000001   PAD
    0x20000032   0x08003662   0x00000006   Data   RW          545    .data               asppro.o
    0x20000038   0x08003668   0x00000014   Data   RW         2275    .data               stm32f10x_rcc.o
    0x2000004c        -       0x00000060   Zero   RW         3730    .bss                c_w.l(libspace.o)
    0x200000ac   0x0800367c   0x00000004   PAD
    0x200000b0        -       0x00000200   Zero   RW          205    HEAP                startup_stm32f10x_md.o
    0x200002b0        -       0x00000400   Zero   RW          204    STACK               startup_stm32f10x_md.o


==============================================================================

Image component sizes


      Code (inc. data)   RO Data    RW Data    ZI Data      Debug   Object Name

      1244         46          0          6          0       1790   asppro.o
       684         38          0          7          0       2106   bluetooth.o
         0          0          0          0          0         32   core_cm3.o
        94          0          0          0          0       1324   delay.o
       180         16          0          0          0       1524   infraredsensor.o
       456         22          0          0          0     263103   main.o
       132         22          0          0          0       3031   misc.o
       460         42          0          0          0       1703   motor.o
       666         38          0         32          0       2148   nf-04.o
       774         22       1520          0          0       6587   oled.o
       172         16          0          0          0       1055   servo.o
       858         46          0          9          0       8266   si24r1.o
        64         26        236          0       1536        768   startup_stm32f10x_md.o
       160         12          0          0          0       3481   stm32f10x_exti.o
       504         10          0          0          0      12988   stm32f10x_gpio.o
        26          0          0          0          0       3522   stm32f10x_it.o
       276         32          0         20          0      12890   stm32f10x_rcc.o
       112          0          0          0          0      10378   stm32f10x_spi.o
      1652        190          0          0          0      34971   stm32f10x_tim.o
       362          6          0          0          0      11013   stm32f10x_usart.o
       328         28          0          0          0       1785   system_stm32f10x.o
       288         18          0          0          0       1215   ultrasonicsensor.o

    ----------------------------------------------------------------------
      9508        630       1788         76       1536     385680   Object Totals
         0          0         32          0          0          0   (incl. Generated)
        16          0          0          2          0          0   (incl. Padding)

    ----------------------------------------------------------------------

      Code (inc. data)   RO Data    RW Data    ZI Data      Debug   Library Member Name

         8          0          0          0          0         68   __main.o
         0          0          0          0          0          0   __rtentry.o
        12          0          0          0          0          0   __rtentry2.o
         6          0          0          0          0          0   __rtentry4.o
        52          8          0          0          0          0   __scatter.o
        26          0          0          0          0          0   __scatter_copy.o
        28          0          0          0          0          0   __scatter_zi.o
        18          0          0          0          0         80   exit.o
         6          0          0          0          0        152   heapauxi.o
         0          0          0          0          0          0   indicate_semi.o
         2          0          0          0          0          0   libinit.o
         2          0          0          0          0          0   libinit2.o
         2          0          0          0          0          0   libshutdown.o
         2          0          0          0          0          0   libshutdown2.o
         8          4          0          0         96         68   libspace.o
         2          0          0          0          0          0   rtexit.o
        10          0          0          0          0          0   rtexit2.o
        12          4          0          0          0         68   sys_exit.o
        74          0          0          0          0         80   sys_stackheap_outer.o
         2          0          0          0          0         68   use_no_semi.o
       826         16          0          0          0        348   daddsub_clz.o
       688        140          0          0          0        208   ddiv.o
        94          4          0          0          0         92   dfix.o
        90          4          0          0          0         92   dfixu.o
        84          0          0          0          0        136   dflt_clz.o
       340         12          0          0          0        104   dmul.o
       156          4          0          0          0         92   dnaninf.o
        12          0          0          0          0         68   dretinf.o
         0          0          0          0          0          0   usenofp.o

    ----------------------------------------------------------------------
      2576        196          0          0        100       1724   Library Totals
        14          0          0          0          4          0   (incl. Padding)

    ----------------------------------------------------------------------

      Code (inc. data)   RO Data    RW Data    ZI Data      Debug   Library Name

       272         16          0          0         96        584   c_w.l
      2290        180          0          0          0       1140   fz_ws.l

    ----------------------------------------------------------------------
      2576        196          0          0        100       1724   Library Totals

    ----------------------------------------------------------------------

==============================================================================


      Code (inc. data)   RO Data    RW Data    ZI Data      Debug   

     12084        826       1788         76       1636     381472   Grand Totals
     12084        826       1788         76       1636     381472   ELF Image Totals
     12084        826       1788         76          0          0   ROM Totals

==============================================================================

    Total RO  Size (Code + RO Data)                13872 (  13.55kB)
    Total RW  Size (RW Data + ZI Data)              1712 (   1.67kB)
    Total ROM Size (Code + RO Data + RW Data)      13948 (  13.62kB)

==============================================================================

